 --invoking executable--
/lcrc/project/PACC/brossdh/cfour_blues/bin/xinitenv
--executable xinitenv finished with status     0 in        0.05 seconds (walltime).
 --invoking executable--
/lcrc/project/PACC/brossdh/cfour_blues/bin/xjoda


   *************************************************************************
         <<<     CCCCCC     CCCCCC   |||     CCCCCC     CCCCCC   >>>
       <<<      CCC        CCC       |||    CCC        CCC         >>>
      <<<      CCC        CCC        |||   CCC        CCC            >>>
    <<<        CCC        CCC        |||   CCC        CCC              >>>
      <<<      CCC        CCC        |||   CCC        CCC            >>>
       <<<      CCC        CCC       |||    CCC        CCC         >>>
         <<<     CCCCCC     CCCCCC   |||     CCCCCC     CCCCCC   >>>
   *************************************************************************

     ****************************************************************
     * CFOUR Coupled-Cluster techniques for Computational Chemistry *
     ****************************************************************
 

   Department of Chemistry                Institut fuer Physikalische Chemie
   University of Texas at Austin          Universitaet Mainz
   Austin, TX  78712, USA                 D-55099 Mainz, Germany
 
                       Version 2.00beta
 
                     b450                                              
                     Sun Jan 13 18:19:33 CST 2019                      
                     integer*8 version is running
 
********************************************************************************
*                          Input from ZMAT file                                *
********************************************************************************
CFOUR 2.0 Computation                                                           
C          0.0000000000        0.0696643962        0.0000000000                 
H          0.0000000000        0.5136378019       -1.0016934426                 
H          0.0000000000        0.5136378019        1.0016934426                 
                                                                                
*CFOUR(CHARGE=0                                                                 
MULTIPLICITY=3                                                                  
CALC=CCSD                                                                       
CC_PROG=VCC                                                                     
ABCDTYPE=AOBASIS                                                                
REFERENCE=ROHF                                                                  
BASIS=PVDZ)                                                                     
                                                                                
********************************************************************************
 
     PARALLEL RUN STARTED ON            1  CORES/NODES.
 
    -------------------------------------------------------------------
                    CFOUR Control Parameters 
    -------------------------------------------------------------------
        External           Internal           Value            Units
          Name               Name
    -------------------------------------------------------------------
       ABCDTYPE             IABCDT         AOBASIS      [  2]   ***   
       ANHARMONIC           IANHAR         OFF          [  0]   ***   
       ANH_ALGORIT          IANALG         STANDARD     [  0]   ***   
       ANH_DERIVAT          IANDER         SECOND       [  1]   ***   
       ANH_STEPSIZ          ICUBST             50000          x 10-6  
       ANH_SYMMETR          IANHSM         ABELIAN      [  0]   ***   
       AO_LADDERS           IAOLAD         SINGLEPASS   [  1]   ***   
       BASIS                IBASIS         PVDZ         [ 13]   ***   
       BREIT                IBREIT         OFF          [  0]   ***   
       BRUCK_CONV           IBRTOL          10D-  4             ***   
       BRUECKNER            IBRKNR             OFF      [  0]   ***   
       BUFFERSIZE           IBUFFS            600               ***   
       CACHE_RECS           ICHREC             10               ***   
       CALCLEVEL            ICLLVL           CCSD       [ 10]   ***   
       CCORBOPT             ICCORB             OFF      [  0] x 0.01  
       CC_CONV              ICCCNV          10D-  7             ***   
       CC_EXPORDER          ICCEOR              5               ***   
       CC_EXTRAPOL          ICCEXT             DIIS     [  1]   ***   
       CC_MAXCYC            ICCCYC             50              cycles 
       CC_PROGRAM           ICCPRO         VCC          [  0]   ***   
       CHARGE               ICHRGE              0               ***   
       CHOLESKY             ICHOLE         OFF          [  0]   ***   
       CIS_CONV             ICISTL              5               ***   
       COMM_SIZE            IPSIZE            ***               ***   
       CONSTANT             ICONST         OLD          [  1]   ***   
       CONTINUUM            ICONTU         NONE         [  0]   ***   
       CONTRACTION          ICNTYP          GENERAL     [  1]   ***   
       COORDINATES          ICOORD         INTERNAL     [  0]   ***   
       CPHF_CONVER          ICPHFT          10D- 16             ***   
       CPHF_MAXCYC          ICPHFC             64              cycles 
       CUBIC                ICUBIC         OFF          [  0]   ***   
       CURVILINEAR          ICURVY            OFF       [  0]   ***   
       DBOC                 IDBOC          OFF          [  0]   ***   
       DCT                  IDCT           OFF          [  0]   ***   
       DERIV_LEV            IDRLVL            ZERO      [  0]   ***   
       DIAG_MRCC            IEOMST          10D-  0             ***   
       DIFF_TYPE            IDIFTY         RELAXED      [  0]   ***   
       DIRECT               IDIRCT         OFF          [  0]   ***   
       DROPMO               IDRPMO      NONE         
       ECP                  IECP           OFF          [  0]   ***   
       EIGENVECTOR          IVEC                1               ***   
       EL_ANHARM            IELANH         OFF          [  0]   ***   
       EOMFOLLOW            IEOMSR         ENERGY       [  0]   ***   
       EOM_MRCC             IMRCCE         NEW          [  1]   ***   
       EOM_NONIT            EOMNON         OFF          [  0]   ***   
       EOM_NSING            IEOMSI          10D-  0             ***   
       EOM_NSTATES          IMRCCD         DAVIDSON     [  0]   ***   
       EOM_NTRIP            IEOMTR          10D-  0             ***   
       EOM_ORDER            IEXORD         ENERGY       [  0]   ***   
       ESTATE_CONV          IEXTOL          10D-  5             ***   
       ESTATE_DIAG          IEXDIG         ITERATIVE    [  0]   ***   
       ESTATE_LOCK          IESLOC         ON           [  1]   ***   
       ESTATE_MAXC          IEXMXC             20               ***   
       ESTATE_PROP          IEXPRP         OFF          [  0]   ***   
       EVAL_HESS            IRECAL              0            # of cyc.
       EXCITATION           IEXCIT              0               ***   
       EXCITE               IEXCIT         NONE         [  0]   ***   
       FCGRADNEW            IFCGNW         OFF          [  0]   ***   
       FC_FIELD             IFINFC              0             x 10-6  
       FD_CALTYPE           IFDCAL         GRADONLY     [  0]   ***   
       FD_PROJECT           IFDPRJ         OFF          [  1]   ***   
       FD_STEPSIZE          IDISFD              0            10-4 bohr
       FD_USEGROUP          IFDGRP         FULL         [  0]   ***   
       FILE_RECSIZ          IFLREC              4096           words  
       FINITE_PERT          IFIPER              0             x 10-6  
       FIXGEOM              IFIXGM         OFF          [  0]   ***   
       FOCK                 IFOCK          AO           [  1]   ***   
       FREQ_ALGORI          IVIALG         STANDARD     [  0]   ***   
       FROZEN_CORE          IFROCO         OFF          [  0]   ***   
       FROZEN_VIRT          IFROVI         OFF          [  0]   ***   
       GAMMA_ABCD           IGABCD         DIRECT       [  1]   ***   
       GAMMA_ABCI           IGABCI         STORE        [  0]   ***   
       GENBAS_1             IGNBS1              0               ***   
       GENBAS_2             IGNBS2              0               ***   
       GENBAS_3             IGNBS3              0               ***   
       GENBAS_4             IGNBS4              0               ***   
       GEO_CONV             ICONTL              5              H/bohr 
       GEO_MAXCYC           IOPTCY             50               ***   
       GEO_MAXSTEP          IMXSTP            300            millibohr
       GEO_METHOD           INR            SINGLE_POINT [  5]   ***   
       GIAO                 IGIAO          OFF          [  1]   ***   
       GIMIC                IGIMIC         OFF          [  0]   ***   
       GRID                 IGRID          OFF          [  0]   ***   
       GRID_ALGO            IGALGO         SERIAL       [  0]   ***   
       GUESS                IGUESS            MOREAD    [  0]   ***   
       HBAR                 IHBAR              OFF      [  0]   ***   
       HESS_TYPE            IHESTP         SCF          [  0]   ***   
       HF2_FILE             IHF2Fl         USE          [  1]   ***   
       HFSTABILITY          ISTABL         OFF          [  0]   ***   
       INCORE               INCORE             OFF      [  0]   ***   
       INPUT_MRCC           IMRCC          ON           [  1]   ***   
       INTEGRALS            INTTYP             VMOL     [  1]   ***   
       JODA_PRINT           IJPRNT              0               ***   
       LINDEP_TOL           ILINDP              8               ***   
       LINEQ_CONV           IZTACN          10D-  7           cycles  
       LINEQ_EXPOR          ILMAXD              5               ***   
       LINEQ_MAXCY          ILMAXC             50               ***   
       LINEQ_TYPE           ILTYPE         DIIS         [  1]   ***   
       LOCK_ORBOCC          ILOCOC             OFF      [  0]   ***   
       MEMORY_SIZE          IMEMSZ         100000000           words  
       MEM_UNIT             IMEMU          INTEGERWORDS [  0]   ***   
       MRCC                 IMRCCC         OFF          [  0]   ***   
       MULTIPLICTY          IMULTP              3               ***   
       NEGEVAL              IDIE             ABORT      [  0]   ***   
       NEWNORM              INEWNO         OFF          [  0]   ***   
       NON-HF               INONHF              ON      [  1]   ***   
       NTOP_TAMP            ITOPT2             15               ***   
       NUC_MODEL            INUCMO         POINT        [  0]   ***   
       OCCUPATION           IOCCU   ESTIMATED BY SCF 
       OPEN-SHELL           IOPEN          SPIN-ORBITAL [  0]   ***   
       ORBITALS             IORBTP         SEMICANONICAL[  1]   ***   
       PARALLEL             IPARAL         ON           [  1]   ***   
       PARA_INT             IPINTS         ON           [  1]   ***   
       PARA_PRINT           IPPRIN              0               ***   
       PERT_ORB             IPTORB         STANDARD     [  0]   ***   
       POINTS               IGRDFD              0               ***   
       PRINT                IPRNT               0               ***   
       PROPS                IPROPS             OFF      [  0]   ***   
       PROP_INTEGR          IINTYP         INTERNAL     [  0]   ***   
       PSI                  IPSI           OFF          [  0]   ***   
       QUARTIC              IQUART         OFF          [  0]   ***   
       RAMAN_INT            IRAMIN         OFF          [  0]   ***   
       RAMAN_ORB            IRAMRE         UNRELAXED    [  0]   ***   
       RDO                  IRDOFM             OFF      [  0]   ***   
       REFERENCE            IREFNC             ROHF     [  2]   ***   
       RELATIVIST           IRELAT         OFF          [  0]   ***   
       RELAX_DENS           IRDENS             OFF      [  0]   ***   
       RESET_FLAGS          IRESET             OFF      [  0]   ***   
       RESTART_CC           ICCRES         OFF          [  0]   ***   
       ROT_EVEC             ROTVEC              0               ***   
       SAVE_INTS            ISVINT             OFF      [  0]   ***   
       SCALE_ON             ISTCRT              0               ***   
       SCF_CONV             ISCFCV          10D-  7             ***   
       SCF_DAMPING          IDAMP               0             x 10-3  
       SCF_EXPORDE          IRPPOR              6               ***   
       SCF_EXPSTAR          IRPPLS              8               ***   
       SCF_EXTRAPO          IRPP                ON      [  1]   ***   
       SCF_MAXCYC           ISCFCY            150              cycles 
       SCF_NOSTOP           ISCFST         OFF          [  0]   ***   
       SCF_PRINT            ISCFPR              0               ***   
       SD_FIELD             IFINSD              0             x 10-6  
       SEQUENCE             ISEQUE         OFF          [  0]   ***   
       SOPERT               IPERSO         OFF          [  0]   ***   
       SPHERICAL            IDFGHI             ON       [  1]   ***   
       SPINORBIT            ISOCAL         OFF          [  0]   ***   
       SPINROTATIO          ISRCON         OFF          [  0]   ***   
       SPIN_FLIP            ISPFLP         OFF          [  0]   ***   
       SPIN_ORBIT           ISPORB         OFF          [  0]   ***   
       SPIN_SCAL            ISCSMP         OFF          [  0]   ***   
       SUBGROUP             ISUBGP         DEFAULT      [  0]   ***   
       SUBGRPAXIS           ISBXYZ         X            [  0]   ***   
       SYMMETRY             ISYM             ON         [  0]   ***   
       SYM_CHECK            ISYMCK         OVERRIDE     [  1]   ***   
       T3_EXTRAPOL          IT3EXT         OFF          [  0]   ***   
       TAMP_SUM             IEVERY              5               ***   
       TESTSUITE            ITESTS         OFF          [  0]   ***   
       THERMOCH             ITHERM         OFF          [  0]   ***   
       TOL_CHOLESK          ITOLCH          10D-  4             ***   
       TRANGRAD             IRESRM         OFF          [  0]   ***   
       TRANS_INV            ITRAIN         USE          [  0]   ***   
       TREAT_PERT           ITREAT         SIMULTANEOUS [  0]   ***   
       UIJ_THRESHO          IUIJTH              1               ***   
       UNITS                IUNITS         ANGSTROM     [  0]   ***   
       UNOS                 IUNOS          OFF          [  0]   ***   
       UPDATE_HESS          IHUPDT         ON           [  1]   ***   
       VIBPHASE             ISETPH         STANDARD     [  0]   ***   
       VIBRATION            IVIB              NO        [  0]   ***   
       VIB_ALGORIT          IGEALG         STANDARD     [  0]   ***   
       VNATORB              IVNORB         OFF          [  0]   ***   
       VTRAN                IVTRAN         PARTIAL      [  2]   ***   
       XFIELD               IXEFLD              0             x 10-6  
       XFORM_TOL            IXFTOL          10D- 11             ***   
       YFIELD               IYEFLD              0             x 10-6  
       ZFIELD               IZEFLD              0             x 10-6  
    -------------------------------------------------------------------
   1 entries found in Z-matrix 
   Job Title : CFOUR 2.0 Computation                                                           
  1  C          6    12.00000
 factor:   60.1997200000000     
   Rotational constants (in cm-1): 

   Rotational constants (in MHz): 

********************************************************************************
   The full molecular point group is I h .
   The largest Abelian subgroup of the full molecular point group is D2h .
   The computational point group is D2h .
********************************************************************************
  There are   14 basis functions.
 @GEOPT-W, Archive file not created for single-point calculation.
  @CHECKOUT-I, Total execution time (CPU/WALL):        0.11/       0.14 seconds.
--executable xjoda finished with status     0 in        0.17 seconds (walltime).
 --invoking executable--
/lcrc/project/PACC/brossdh/cfour_blues/bin/xvmol
 Parallel version of molecule started on node            0 :
********************************************************************************
                    Input from MOL file
********************************************************************************
INTGRL        1    0    1    0    0    0    0    0    0                         
         *** CFOUR Program System (Release V0.1) ***                            
CFOUR 2.0 Computation                                                           
    1    3 X  Y   Z   0.10E-08              0    0                              
   9999.00      3.00                                                            
          6.00000000    1    3    1    1    1                                   
C #1   0.000000000000000   0.000000000000000   0.000000000000000                
    9    3                                                                      
   6665.00000000000       6.920000000000000E-004 -1.460000000000000E-004        
  0.000000000000000E+000                                                        
   1000.00000000000       5.329000000000000E-003 -1.154000000000000E-003        
  0.000000000000000E+000                                                        
   228.000000000000       2.707700000000000E-002 -5.725000000000000E-003        
  0.000000000000000E+000                                                        
   64.7100000000000       0.101718000000000      -2.331200000000000E-002        
  0.000000000000000E+000                                                        
   21.0600000000000       0.274740000000000      -6.395500000000000E-002        
  0.000000000000000E+000                                                        
   7.49500000000000       0.448564000000000      -0.149981000000000             
  0.000000000000000E+000                                                        
   2.79700000000000       0.285074000000000      -0.127262000000000             
  0.000000000000000E+000                                                        
  0.521500000000000       1.520400000000000E-002  0.544529000000000             
  0.000000000000000E+000                                                        
  0.159600000000000      -3.191000000000000E-003  0.580496000000000             
   1.00000000000000                                                             
    4    2                                                                      
   9.43900000000000       3.810900000000000E-002  0.000000000000000E+000        
   2.00200000000000       0.209480000000000       0.000000000000000E+000        
  0.545600000000000       0.508557000000000       0.000000000000000E+000        
  0.151700000000000       0.468842000000000        1.00000000000000             
    1    1                                                                      
  0.550000000000000        1.00000000000000                                     
FINISH                                                                          
 
********************************************************************************
 One- and two-electron integrals over symmetry-adapted AOs are calculated.

  Spherical harmonics are used.
  
  Integrals less than  0.10E-13 are neglected.

  Nuclear repulsion energy :    0.0000000000 a.u.
  required memory for a1 array                5013204  words 
  required memory for a2 array                2046060  words 
 @GETMEM-I,  Allocated      69 MB of main memory.
  @MOLECU-I, One electron integrals (CPU/WALL):        0.01/       0.01 seconds.
  @TWOEL-I,         79 integrals of symmetry type  I I I I
  @TWOEL-I,        250 integrals of symmetry type  I J I J
  @TWOEL-I,        221 integrals of symmetry type  I I J J
  @TWOEL-I,        226 integrals of symmetry type  I J K L
  @TWOEL-I, Total number of 2-e integrals        776.
  @MOLECU-I, Two electron integrals (CPU/WALL):        0.11/       0.01 seconds.
  @CHECKOUT-I, Total execution time (CPU/WALL):        0.13/       0.03 seconds.
--executable xvmol finished with status     0 in        0.26 seconds (walltime).
 --invoking executable--
/lcrc/project/PACC/brossdh/cfour_blues/bin/xvmol2ja
 @GETMEM-I,  Allocated     762 MB of main memory.
  @CHECKOUT-I, Total execution time (CPU/WALL):        0.00/       0.00 seconds.
--executable xvmol2ja finished with status     0 in        0.04 seconds (walltime).
 --invoking executable--
/lcrc/project/PACC/brossdh/cfour_blues/bin/xvscf
  There are   14 functions in the AO basis.

  There are 8 irreducible representations.

       Irrep        # of functions
         1                  5
         2                  2
         3                  2
         4                  1
         5                  2
         6                  1
         7                  1
         8                  0


  Parameters for SCF calculation: 
        SCF reference function: ROHF  
  Maximum number of iterations:  150
     Full symmetry point group: I h 
     Computational point group: D2h 
        Initial density matrix: CORE                   
     SCF convergence tolerance: 10**(- 7)
  DIIS convergence acceleration:  ON
          Latest start for DIIS:   8
                     DIIS order:   6

  Memory information:      49696 words required.
  Fock matrices are constructed from AO integral file.
 @GETMEM-I,  Allocated       0 MB of main memory.
  Initialization and symmetry analysis required      0.002 seconds.

  @INITGES-I, Occupancies from core Hamiltonian:

          Alpha population by irrep:   2    1    1    0    0    0    0    0
           Beta population by irrep:   2    0    0    0    0    0    0    0


 total no. of electrons in initial guess :  0.000000000000000E+000
 total no. of electrons in initial guess :  0.000000000000000E+000
  --------------------------------------------------------------------
  Iteration         Total Energy            Largest Density Difference
  --------------------------------------------------------------------
       0             0.000000000000000              0.0000000000D+00
   current occupation vector 
     2  1  1  0  0  0  0  0
     2  0  0  0  0  0  0  0
       1           -36.749955456006070              0.5061384020D+01
   current occupation vector 
     2  1  1  0  0  0  0  0
     2  0  0  0  0  0  0  0
       2           -37.582069360684230              0.3984422534D+01
   current occupation vector 
     2  1  1  0  0  0  0  0
     2  0  0  0  0  0  0  0
       3           -37.678693099363834              0.5847569196D+00
   current occupation vector 
     2  1  1  0  0  0  0  0
     2  0  0  0  0  0  0  0
       4           -37.681780028332646              0.2660406716D+00
   current occupation vector 
     2  1  1  0  0  0  0  0
     2  0  0  0  0  0  0  0
       5           -37.682414422309911              0.6075068110D-01
   current occupation vector 
     2  1  1  0  0  0  0  0
     2  0  0  0  0  0  0  0
       6           -37.682417881178232              0.4261429457D-02
   current occupation vector 
     2  1  1  0  0  0  0  0
     2  0  0  0  0  0  0  0
       7           -37.682417881029743              0.6465101287D-04
   current occupation vector 
     2  1  1  0  0  0  0  0
     2  0  0  0  0  0  0  0
       8           -37.682417881458790              0.4773406220D-04
   current occupation vector 
     2  1  1  0  0  0  0  0
     2  0  0  0  0  0  0  0
       9           -37.682417881458797              0.1795700859D-06
   current occupation vector 
     2  1  1  0  0  0  0  0
     2  0  0  0  0  0  0  0

  SCF has converged.

 Density matrix saved to file den.dat
 total alpha spin electron number:   4.00000000000000     
 total  beta spin electron number:   2.00000000000000     
     E(ROHF)=       -37.682417881458761              0.1143039507D-07

  Eigenvector printing suppressed.


       The average multiplicity is    3.0000000
  The expectation value of S**2 is    2.0000000

 @PUTMOS-I, Writing converged MOs to NEWMOS. 
 @PUTMOS-I, Symmetry   1 Full Blocks  1 Partial Blocksize   1
 @PUTMOS-I, Symmetry   2 Full Blocks  0 Partial Blocksize   2
 @PUTMOS-I, Symmetry   3 Full Blocks  0 Partial Blocksize   2
 @PUTMOS-I, Symmetry   4 Full Blocks  0 Partial Blocksize   1
 @PUTMOS-I, Symmetry   5 Full Blocks  0 Partial Blocksize   2
 @PUTMOS-I, Symmetry   6 Full Blocks  0 Partial Blocksize   1
 @PUTMOS-I, Symmetry   7 Full Blocks  0 Partial Blocksize   1
 @PUTMOS-I, Symmetry   8 Full Blocks  0 Partial Blocksize   0
  @DMPJOB-I, Rotating orbitals to semicanonical basis.
             *** Eigenvalues correspond to new basis. ***



 
  ORBITAL EIGENVALUES (ALPHA)  (1H = 27.2113838 eV)

       MO #        E(hartree)               E(eV)           FULLSYM    COMPSYM
       ----   --------------------   --------------------   -------   ---------
    1     1         -11.3461085490        -308.7433145868      Ag        Ag (1)
    2     2          -0.8190577727         -22.2876954232      Ag        Ag (1)
    3     6          -0.4302230616         -11.7069648562       u       B2u (2)
    4     8          -0.4302230616         -11.7069648562       u       B3u (3)
  +++++++++++++++++++++++++++++++++++++++++++++++++++++++++++++++++++++++++++++
    5    11           0.0371821293           1.0117771911      Au       B1u (5)
    6     9           0.6352038027          17.2847744777       u       B3u (3)
    7     7           0.6352038027          17.2847744777       u       B2u (2)
    8    12           0.7154857203          19.4693565519      Au       B1u (5)
    9     3           0.7211453737          19.6233635535      Ag        Ag (1)
   10    10           1.3354929809          36.3406120924       g       B1g (4)
   11     4           1.3354929809          36.3406120924       g        Ag (1)
   12    13           1.3609946032          37.0345465229       g       B3g (6)
   13    14           1.3609946032          37.0345465229       g       B2g (7)
   14     5           1.3698456700          37.2753962986      Ag        Ag (1)


 
  ORBITAL EIGENVALUES ( BETA)  (1H = 27.2113838 eV)

       MO #        E(hartree)               E(eV)           FULLSYM    COMPSYM
       ----   --------------------   --------------------   -------   ---------
    1     1         -11.3034903536        -307.5836145126      Ag        Ag (1)
    2     2          -0.5886465634         -16.0178875701      Ag        Ag (1)
  +++++++++++++++++++++++++++++++++++++++++++++++++++++++++++++++++++++++++++++
    3    11           0.0877428295           2.3876038116      Au       B1u (5)
    4     6           0.1376963938           3.7469094226       u       B2u (2)
    5     8           0.1376963938           3.7469094226       u       B3u (3)
    6    12           0.7475694928          20.3424004002      Au       B1u (5)
    7     3           0.7875600398          21.4305985249      Ag        Ag (1)
    8     7           0.7962236344          21.6663469226       u       B2u (2)
    9     9           0.7962236344          21.6663469226       u       B3u (3)
   10     4           1.4396759244          39.1755741534      Ag        Ag (1)
   11    14           1.4547917007          39.5868953441       g       B2g (7)
   12    13           1.4547917007          39.5868953441       g       B3g (6)
   13    10           1.4995198812          40.8040110332       g       B1g (4)
   14     5           1.4995198812          40.8040110332       g        Ag (1)


  VSCF finished.

  @CHECKOUT-I, Total execution time (CPU/WALL):        0.02/       0.02 seconds.
--executable xvscf finished with status     0 in        0.06 seconds (walltime).
 --invoking executable--
/lcrc/project/PACC/brossdh/cfour_blues/bin/xvtran
 @GETMEM-I,  Allocated     762 MB of main memory.
  Partial UHF integral transformation
 ! shown number of AO integrals not right ! (in parallel version)
  Transformation of IIII integrals :
  2 passes through the AO integral file were required.
          79 AO integrals were read.
          86 MO integrals (Spin case AAAA) were written to HF2AA.
          76 MO integrals (Spin case BBBB) were written to HF2BB.
         155 MO integrals (Spin case AABB) were written to HF2AB.
  Transformation of IIJJ integrals :
  2 passes through the AO integral file were required.
         221 AO integrals were read.
         160 MO integrals (Spin case AAAA) were written to HF2AA.
         104 MO integrals (Spin case BBBB) were written to HF2BB.
         268 MO integrals (Spin case AABB) were written to HF2AB.
  Transformation of IJIJ integrals :
  2 passes through the AO integral file were required.
         250 AO integrals were read.
         191 MO integrals (Spin case AAAA) were written to HF2AA.
         126 MO integrals (Spin case BBBB) were written to HF2BB.
         311 MO integrals (Spin case AABB) were written to HF2AB.
  Transformation of IJKL integrals :
  2 passes through the AO integral file were required.
         226 AO integrals were read.
         159 MO integrals (Spin case AAAA) were written to HF2AA.
          78 MO integrals (Spin case BBBB) were written to HF2BB.
         245 MO integrals (Spin case AABB) were written to HF2AB.
  Summary of active molecular orbitals: 
------------------------------------------------------------------------
                         * Spin case alpha *
 
  Index      Eigenvalue    Symmetry    Index      Eigenvalue    Symmetry
------------------------------------------------------------------------
     1       -11.3461085        1         8         0.6352038        2
     2        -0.8190578        1         9         0.6352038        3
     3        -0.4302231        2        10         1.3354930        4
     4        -0.4302231        3        11         0.0371821        5
     5         0.7211454        1        12         0.7154857        5
     6         1.3354930        1        13         1.3609946        6
     7         1.3698457        1        14         1.3609946        7
------------------------------------------------------------------------
------------------------------------------------------------------------
                         * Spin case beta *
 
  Index      Eigenvalue    Symmetry    Index      Eigenvalue    Symmetry
------------------------------------------------------------------------
     1       -11.3034904        1         8         0.1376964        3
     2        -0.5886466        1         9         0.7962236        3
     3         0.7875600        1        10         1.4995199        4
     4         1.4396759        1        11         0.0877428        5
     5         1.4995199        1        12         0.7475695        5
     6         0.1376964        2        13         1.4547917        6
     7         0.7962236        2        14         1.4547917        7
------------------------------------------------------------------------
  @CHECKOUT-I, Total execution time (CPU/WALL):        0.01/       0.01 seconds.
--executable xvtran finished with status     0 in        0.05 seconds (walltime).
 --invoking executable--
/lcrc/project/PACC/brossdh/cfour_blues/bin/xintprc
 @GETMEM-I,  Allocated     762 MB of main memory.
  Processing integrals for CCSD calculation.
  @GMOIAA-I, Processing MO integrals for spin case AA.
  @GMOIAA-I, Generation of integral list completed.
                      TYPE                NUMBER
                      ----               --------
                      PPPP                     0
                      PPPH                   289
                      PPHH                   125
                      PHPH                    94
                      PHHH                    66
                      HHHH                    22

                     TOTAL                   596
  @GMOIAA-I, Processing MO integrals for spin case BB.
  @GMOIAA-I, Generation of integral list completed.
                      TYPE                NUMBER
                      ----               --------
                      PPPP                     0
                      PPPH                   259
                      PPHH                    53
                      PHPH                    50
                      PHHH                    16
                      HHHH                     6

                     TOTAL                   384
  @GMOIAB-I, Processing MO integrals for spin case AB.
                      TYPE                NUMBER
                      ----               --------
                      PPPP                     0
                      PPPH1H                 414
                      PPPH2H                 181
                      PPHH                   130
                      PHPH1P                  38
                      PHPH2P                 133
                      PHHH1P                  22
                      PHHH2P                  46
                      HHHH                    15

                     TOTAL                   979
            ----------------------------------------------
                     Projected spin multiplicities: 
            ----------------------------------------------
             <0|S^2|0>                  =    2.0000000000.
             <0|S^2 T2|0>               =   -0.0000000000.
             Projected <0|S^2 exp(T)|0> =    2.0000000000.
             Approximate spin mult.     =    3.0000000000.
            ----------------------------------------------
   Largest T2 amplitudes for spin case AA:
   i   j   a   b             i   j   a   b             i   j   a   b
-----------------------------------------------------------------------------
[  4   3   9   8]-0.03409 [  4   3  10   6]-0.02643 [  4   2   9   5]-0.02011
[  3   2   8   5]-0.02011 [  3   2  13  11]-0.01613 [  4   2  14  11]-0.01613
[  4   3  14  13]-0.01303 [  3   2  13  12]-0.00599 [  4   2  14  12]-0.00599
[  4   2   9   6]-0.00361 [  4   2  10   8]-0.00361 [  3   2  10   9]-0.00361
[  3   2   8   6] 0.00361 [  3   2   8   7]-0.00225 [  4   2   9   7]-0.00225
-----------------------------------------------------------------------------
   Norm of T2AA vector (       33 symmetry allowed elements):  0.0592401521.
-----------------------------------------------------------------------------
   Largest T2 amplitudes for spin case BB:
   i   j   a   b             i   j   a   b             i   j   a   b
-----------------------------------------------------------------------------
[  2   1  12  11] 0.00092 [  2   1   7   6] 0.00092 [  2   1   9   8] 0.00092
[  2   1   4   3] 0.00001 [  0   0   0   0] 0.00000 [  0   0   0   0] 0.00000
[  0   0   0   0] 0.00000 [  0   0   0   0] 0.00000 [  0   0   0   0] 0.00000
[  0   0   0   0] 0.00000 [  0   0   0   0] 0.00000 [  0   0   0   0] 0.00000
[  0   0   0   0] 0.00000 [  0   0   0   0] 0.00000 [  0   0   0   0] 0.00000
-----------------------------------------------------------------------------
   Norm of T2BB vector (        6 symmetry allowed elements):  0.0015949725.
-----------------------------------------------------------------------------
   Largest T2 amplitudes for spin case AB:
       _       _                 _       _                 _       _
   i   j   a   b             i   j   a   b             i   j   a   b
-----------------------------------------------------------------------------
[  2   2  11  11]-0.06382 [  4   2   9   3]-0.03400 [  3   2   8   3]-0.03400
[  3   2  13  11]-0.03141 [  4   2  14  11]-0.03141 [  4   2   6   8] 0.03073
[  4   2  10   6]-0.03073 [  3   2  10   8]-0.03073 [  3   2   6   6]-0.03073
[  2   2   5   3]-0.02629 [  2   2  11  12]-0.02259 [  2   2  12  11]-0.02019
[  3   2   7   6] 0.01735 [  4   2   7   8] 0.01735 [  2   2  12  12]-0.01625
-----------------------------------------------------------------------------
   Norm of T2AB vector (      144 symmetry allowed elements):  0.1346533093.
-----------------------------------------------------------------------------
  @CHECKOUT-I, Total execution time (CPU/WALL):        0.01/       0.01 seconds.
--executable xintprc finished with status     0 in        0.05 seconds (walltime).
  calling xvcc 
 --invoking executable--
/lcrc/project/PACC/brossdh/cfour_blues/bin/xvcc
 @GETMEM-I,  Allocated     762 MB of main memory.
   CCSD energy will be calculated.
   The reference state is a ROHF wave function.
   The reference state is a general non-HF wave function.
   The total correlation energy is -0.056978567339 a.u.
Fatal error in MPI_Allreduce: Invalid communicator, error stack:
MPI_Allreduce(773): MPI_Allreduce(sbuf=0x2aab02975cd0, rbuf=0xd9c400, count=484, MPI_DOUBLE_PRECISION, MPI_SUM, comm=0x0) failed
MPI_Allreduce(615): Invalid communicator

===================================================================================
=   BAD TERMINATION OF ONE OF YOUR APPLICATION PROCESSES
=   PID 146518 RUNNING AT b450
=   EXIT CODE: 1
=   CLEANING UP REMAINING PROCESSES
=   YOU CAN IGNORE THE BELOW CLEANUP MESSAGES
===================================================================================
--executable xvcc finished with status   256 in        0.67 seconds (walltime).
  This computation required                            1.39 seconds (walltime).
