 **********************************************************************
                          MRCC program system
 **********************************************************************
 
                              Written by
  Mihaly Kallay, Zoltan Rolik, Jozsef Csontos, Peter Nagy, Gyula Samu,
      David Mester, Jozsef Csoka, Bernat Szabo, Istvan Ladjanszki,
       Lorant Szegedy, Bence Ladoczki, Klara Petrov, Mate Farkas,
                    Pal D. Mezei, and Bence Hegely
 
        Department of Physical Chemistry and Materials Science
            Budapest University of Technology and Economics
                  Budapest P.O.Box 91, H-1521 Hungary
 
                              www.mrcc.hu
 
                       Release date: May 23, 2018

 ************************ 2019-01-13 18:35:11 *************************
 Executing minp...

 Reading input from MINP...
 
 Input file:
 
calc=MP2
scftype=RHF
basis=6-31G*
charge=0
mult=1

geom=xyz
3
 
O          0.0000000000       -0.0530229169        0.0000000000
H          0.0000000000        0.5556614584       -0.7504910643
H          0.0000000000        0.5556614584        0.7504910643

 
 
 Checking keyword combinations...
 
 Keywords:
 
 active=none
 agrid=ld0006-ld0590
 basis=6-31g*
 basis_sm=none
 basopt=off
 bfbasis=none
 bpcompo=0.985
 bpcompv=0.98
 bpdfo=0.985
 bpocc=0.985
 bppdo=0.985
 bppdv=0.98
 bpedo=0.985
 bpedv=0.98
 calc=mp2
 ccmaxit=50
 ccprog=mrcc
 cctol=6
 charge=0
 cialg=disk
 ciguess=off
 cmpgrp=auto
 core=frozen
 corembed=off
 dboc=off
 dendec=cholesky
 dens=0
 dfalg=lineq
 dfbasis_cor=auto
 dfbasis_scf=auto
 dfintran=drpa
 dft=off
 diag=david
 domrad=10.d0
 drpaalg=fit
 dual=off
 ecp=auto
 edisp=off
 embed=off
 epert=none
 eps=0.975
 excrad=0.d0
 excrad_fin=0.000000000D+00
 freq=off
 gauss=spher
 geom=xyz
 gopt=off
 ghost=none
 gtol=7
 grdens=off
 grtol=10
 hamilton=dc
 iface=none
 intalg=auto
 itol=10
 laptol=1.d-2
 lcorthr=loose
 lccrest=off
 lmp2dens=on
 lnoepso=0.d0
 lnoepsv=1e-6
 localcc=off
 localcorrsymm=off
 locintrf=disk
 maxact=off
 maxdim=100
 maxex=0
 mem=256MB
 molden=on
 mulmet=0
 mult=1
 nacto=0
 nactv=0
 naf_cor=off
 naf_scf=off
 nafalg=albe
 naftyp=
 nchol=auto
 ndeps=1e-3
 nstate=1
 nsing=0
 ntrip=0
 occ=
 optalg=
 optmaxit=50
 optetol=1e-6
 optgtol=1e-4
 optstol=1e-3
 orblocc=off
 orbloco=off
 orblocv=off
 orblocguess=cholesky
 osveps=1e-3
 ovirt=off
 ovltol=1e-7
 ovosnorb=80.0
 ptfreq=0.0
 popul=off
 pressure=100000
 qscf=off
 qmmm=off
 redcost_exc=off
 refdet=none
 rest=0
 rgrid=log3
 rohftype=semicanonical
 scfalg=auto
 scfdamp=off
 scfdiis=on
 scfdiis_end=50
 scfdiis_start=1
 scfdiis_step=1
 scfdtol=7
 scfext=10
 scfiguess=sad
 scflshift=off
 scfmaxit=50
 scftype=rhf
 scftol=6
 scspe=1.d0
 scsps=1.2d0
 scspt=0.33333333333333
 scspv=1.d0
 spairtol=1e-4
 symm=
 talg=occ
 temp=298.15
 test=off
 tprint=off
 uncontract=off
 unit=angs
 verbosity=2
 wpairtol=0.100000000E-05

 ************************ 2019-01-13 18:35:11 *************************
 Executing integ...

 Allocation of 256.0 Mbytes of memory...
 
 
 Number of atoms:              3
 Charge:                       0
 Number of electrons:         10
 Number of core electrons:     2
 Spin multiplicity:            1
 
                 Cartesian coordinates [bohr]      Atomic mass [AMU]  Z
   1  O     0.00000000   -0.10019879    0.00000000    15.994915       8
   2  H     0.00000000    1.05004797   -1.41822257     1.007825       1
   3  H     0.00000000    1.05004797    1.41822257     1.007825       1
 
 This molecule is an asymmetric top.
 This molecule is planar.
 
 Rotational constants [cm-1]: 
     25.418063211692     14.848764111928      9.373145338200
 
 Point group: C2v 
 Computational point group: C2v 
 
 Cartesian coordinates in standard orientation [bohr]
   1  O     0.00000000    0.00000000   -0.12872972
   2  H     0.00000000   -1.41822257    1.02151704
   3  H     0.00000000    1.41822257    1.02151704
 
 Nuclear repulsion energy [au]:          9.114682990675
 
 
 Basis set information:
 
 Maximum angular momentum: f
 Maximum number of contracted Gaussians:   10
 Maximum number of primitive Gaussians:    10
 Spherical harmonic GTOs are used.
 
 
 Conventional basis set:
 
    1  O  6-31g* [ 10s 4p 1d | 3s 2p 1d ]
    2  H  6-31g [ 4s | 2s ]
    3  H  6-31g [ 4s | 2s ]
 
 Total number of basis functions:     18
 
 
 Fitting basis set for the SCF calculation:
 
    1  O  cc-pvdz-ri-jk [ 10s 7p 5d 2f | 10s 7p 5d 2f ]
    2  H  cc-pvdz-ri-jk [ 4s 3p 2d | 4s 3p 2d ]
    3  H  cc-pvdz-ri-jk [ 4s 3p 2d | 4s 3p 2d ]
 
 Total number of basis functions:    116
 
 
 Fitting basis set for the correlation calculation:
 
    1  O  cc-pvdz-ri [ 7s 5p 4d 2f | 7s 5p 4d 2f ]
    2  H  cc-pvdz-ri [ 3s 2p 1d | 3s 2p 1d ]
    3  H  cc-pvdz-ri [ 3s 2p 1d | 3s 2p 1d ]
 
 Total number of basis functions:     84
 
 
 Generating initial guess for the SCF calculation...
 CPU time [min]:     0.002                   Wall time [min]:     0.016
 
 Character table for point group C2v:
 
          E  C2  Qh  Qv  
    A1    1   1   1   1
    B1    1  -1   1  -1
    B2    1  -1  -1   1
    A2    1   1  -1  -1
 
 Number of basis functions per irrep:
    A1      9
    B1      5
    B2      3
    A2      1
 
 
 Calculation of overlap integrals...
 CPU time [min]:     0.002                   Wall time [min]:     0.016
 
 Calculation of the square root of the overlap matrix...
 Minimum eigenvalue of the overlap matrix: 0.632076E-01
 CPU time [min]:     0.002                   Wall time [min]:     0.016
 
 Calculation of kinetic energy integrals...
 CPU time [min]:     0.002                   Wall time [min]:     0.016
 Calculation of nuclear attraction integrals...
 CPU time [min]:     0.002                   Wall time [min]:     0.016
 
 Calculation of prescreening integrals...
 CPU time [min]:     0.003                   Wall time [min]:     0.017
 
 Calculation of two-center Coulomb integrals...
   1% done.
  24% done.
  37% done.
  51% done.
  64% done.
  84% done.
 100% done.
 CPU time [min]:     0.003                   Wall time [min]:     0.017
 
 Calculation of inverse square root of the two-center integral matrix...
 CPU time [min]:     0.003                   Wall time [min]:     0.017
 
 Calculation of three-center Coulomb integrals...
   4% done.
  26% done.
  61% done.
  80% done.
 100% done.
 CPU time [min]:     0.003                   Wall time [min]:     0.017

 ************************ 2019-01-13 18:35:12 *************************
 Executing scf...

 Allocation of 256.0 Mbytes of memory...
 ======================================================================
 ITERATION STEP   1
 CPU time [min]:     0.001                   Wall time [min]:     0.001
 
 Constructing Fock-matrix...
 Number of integral batches:    1
 Occupied indices per batch:    5
 CPU time [min]:     0.002                   Wall time [min]:     0.002
 
 ALPHA OCC:   3   1   1   0
 BETA  OCC:   3   1   1   0
 ***HARTREE-FOCK ENERGY IN STEP   1 IS     -75.7244332867581136 [AU]
 ======================================================================
 ITERATION STEP   2
 CPU time [min]:     0.002                   Wall time [min]:     0.002
 
 Constructing Fock-matrix...
 Number of integral batches:    1
 Occupied indices per batch:    5
 CPU time [min]:     0.002                   Wall time [min]:     0.002
 
 ALPHA OCC:   3   1   1   0
 BETA  OCC:   3   1   1   0
 ***HARTREE-FOCK ENERGY IN STEP   2 IS     -75.9945219049556897 [AU]
 ======================================================================
 ITERATION STEP   3
 CPU time [min]:     0.002                   Wall time [min]:     0.002
 
 Constructing Fock-matrix...
 Number of integral batches:    1
 Occupied indices per batch:    5
 CPU time [min]:     0.002                   Wall time [min]:     0.002
 
 ALPHA OCC:   3   1   1   0
 BETA  OCC:   3   1   1   0
 ***HARTREE-FOCK ENERGY IN STEP   3 IS     -76.0056148765679893 [AU]
 ======================================================================
 ITERATION STEP   4
 CPU time [min]:     0.002                   Wall time [min]:     0.002
 
 Constructing Fock-matrix...
 Number of integral batches:    1
 Occupied indices per batch:    5
 CPU time [min]:     0.002                   Wall time [min]:     0.002
 
 ALPHA OCC:   3   1   1   0
 BETA  OCC:   3   1   1   0
 ***HARTREE-FOCK ENERGY IN STEP   4 IS     -76.0081919175890448 [AU]
 ======================================================================
 ITERATION STEP   5
 CPU time [min]:     0.002                   Wall time [min]:     0.002
 
 Constructing Fock-matrix...
 Number of integral batches:    1
 Occupied indices per batch:    5
 CPU time [min]:     0.002                   Wall time [min]:     0.002
 
 ALPHA OCC:   3   1   1   0
 BETA  OCC:   3   1   1   0
 ***HARTREE-FOCK ENERGY IN STEP   5 IS     -76.0083341108410337 [AU]
 ======================================================================
 ITERATION STEP   6
 CPU time [min]:     0.002                   Wall time [min]:     0.002
 
 Constructing Fock-matrix...
 Number of integral batches:    1
 Occupied indices per batch:    5
 CPU time [min]:     0.002                   Wall time [min]:     0.002
 
 ALPHA OCC:   3   1   1   0
 BETA  OCC:   3   1   1   0
 ***HARTREE-FOCK ENERGY IN STEP   6 IS     -76.0083363317187946 [AU]
 ======================================================================
 ITERATION STEP   7
 CPU time [min]:     0.002                   Wall time [min]:     0.003
 
 Constructing Fock-matrix...
 Number of integral batches:    1
 Occupied indices per batch:    5
 CPU time [min]:     0.003                   Wall time [min]:     0.003
 
 ALPHA OCC:   3   1   1   0
 BETA  OCC:   3   1   1   0
 ***HARTREE-FOCK ENERGY IN STEP   7 IS     -76.0083364021088670 [AU]
 ======================================================================
 ITERATION STEP   8
 CPU time [min]:     0.003                   Wall time [min]:     0.003
 
 Constructing Fock-matrix...
 Number of integral batches:    1
 Occupied indices per batch:    5
 CPU time [min]:     0.003                   Wall time [min]:     0.003
 
 ALPHA OCC:   3   1   1   0
 BETA  OCC:   3   1   1   0
 ***HARTREE-FOCK ENERGY IN STEP   8 IS     -76.0083364088511644 [AU]
 ======================================================================
 ITERATION STEP   9
 CPU time [min]:     0.003                   Wall time [min]:     0.003
 
 Constructing Fock-matrix...
 Number of integral batches:    1
 Occupied indices per batch:    5
 CPU time [min]:     0.003                   Wall time [min]:     0.003
 
 ALPHA OCC:   3   1   1   0
 BETA  OCC:   3   1   1   0
 ***HARTREE-FOCK ENERGY IN STEP   9 IS     -76.0083364090221210 [AU]
 ======================================================================
 ITERATION STEP  10
 CPU time [min]:     0.003                   Wall time [min]:     0.003
 
 Constructing Fock-matrix...
 Number of integral batches:    1
 Occupied indices per batch:    5
 CPU time [min]:     0.003                   Wall time [min]:     0.003
 
 ALPHA OCC:   3   1   1   0
 BETA  OCC:   3   1   1   0
 ***HARTREE-FOCK ENERGY IN STEP  10 IS     -76.0083364090255316 [AU]
 ======================================================================
 
 SUCCESS...
 THE SCF ITERATION HAS CONVERGED!
 
                   A1  B1  B2  A2  
 FINAL ALPHA OCC:   3   1   1   0
 FINAL BETA  OCC:   3   1   1   0
 
 ***FINAL HARTREE-FOCK ENERGY:    -76.0083364090255316 [AU]
 
 RETURNING FROM SCF ALGORITHM
 ======================================================================

 ************************ 2019-01-13 18:35:12 *************************
 Executing integ...

 Allocation of 256.0 Mbytes of memory...
 
 
 Basis set information:
 
 Maximum angular momentum: f
 Maximum number of contracted Gaussians:   10
 Maximum number of primitive Gaussians:    10
 Spherical harmonic GTOs are used.
 
 
 Conventional basis set:
 
    1  O  6-31g* [ 10s 4p 1d | 3s 2p 1d ]
    2  H  6-31g [ 4s | 2s ]
    3  H  6-31g [ 4s | 2s ]
 
 Total number of basis functions:     18
 
 
 Fitting basis set for the SCF calculation:
 
    1  O  cc-pvdz-ri-jk [ 10s 7p 5d 2f | 10s 7p 5d 2f ]
    2  H  cc-pvdz-ri-jk [ 4s 3p 2d | 4s 3p 2d ]
    3  H  cc-pvdz-ri-jk [ 4s 3p 2d | 4s 3p 2d ]
 
 Total number of basis functions:    116
 
 
 Fitting basis set for the correlation calculation:
 
    1  O  cc-pvdz-ri [ 7s 5p 4d 2f | 7s 5p 4d 2f ]
    2  H  cc-pvdz-ri [ 3s 2p 1d | 3s 2p 1d ]
    3  H  cc-pvdz-ri [ 3s 2p 1d | 3s 2p 1d ]
 
 Total number of basis functions:     84
 
 
 Calculation of overlap integrals...
 CPU time [min]:     0.002                   Wall time [min]:     0.002
 Calculation of kinetic energy integrals...
 CPU time [min]:     0.002                   Wall time [min]:     0.002
 Calculation of nuclear attraction integrals...
 CPU time [min]:     0.002                   Wall time [min]:     0.002
 
 Calculation of prescreening integrals...
 CPU time [min]:     0.002                   Wall time [min]:     0.002
 
 Calculation of two-center Coulomb integrals...
   1% done.
  25% done.
  45% done.
  60% done.
  76% done.
  89% done.
 100% done.
 CPU time [min]:     0.002                   Wall time [min]:     0.002
 
 Cholesky decomposition of the inverse of the two-center matrix...
 CPU time [min]:     0.002                   Wall time [min]:     0.002
 
 Calculation of three-center Coulomb integrals...
   4% done.
  26% done.
  61% done.
  80% done.
 100% done.
 CPU time [min]:     0.002                   Wall time [min]:     0.002

 ************************ 2019-01-13 18:35:12 *************************
 Executing drpa...

 Three-index integral transformation and DF-MP2 calculation
 
 Allocation of 256.0 Mbytes of memory...
 
 Number of integral batches:    1
 Occupied indices per batch:    4
 
 Transforming integrals of batch 1...
 CPU time [min]:     0.001                   Wall time [min]:     0.001
 
 Reference energy [au]:                       -76.008336409026
 DF-MP2 singlet pair energy [au]:              -0.137851161859
 DF-MP2 triplet pair energy [au]:              -0.047549652058
 DF-SCS-MP2 correlation energy [au]:           -0.181271278250
 DF-SCS-MP2 energy [au]:                      -76.189607687275
 DF-SOS-MP2 correlation energy [au]:           -0.179206510416
 DF-SOS-MP2 energy [au]:                      -76.187542919442
 DF-MP2 correlation energy [au]:               -0.185400813916
 DF-MP2 energy [au]:                          -76.193737222942
 
 ************************ 2019-01-13 18:35:12 *************************
                      Normal termination of mrcc.
 **********************************************************************
