 **********************************************************************
                          MRCC program system
 **********************************************************************
 
                              Written by
  Mihaly Kallay, Zoltan Rolik, Jozsef Csontos, Peter Nagy, Gyula Samu,
      David Mester, Jozsef Csoka, Bernat Szabo, Istvan Ladjanszki,
       Lorant Szegedy, Bence Ladoczki, Klara Petrov, Mate Farkas,
                    Pal D. Mezei, and Bence Hegely
 
        Department of Physical Chemistry and Materials Science
            Budapest University of Technology and Economics
                  Budapest P.O.Box 91, H-1521 Hungary
 
                              www.mrcc.hu
 
                       Release date: May 23, 2018

 ************************ 2019-01-13 18:35:07 *************************
 Executing minp...

 Reading input from MINP...
 
 Input file:
 
calc=CCSDT
ccprog=mrcc
scftype=ROHF
basis=6-31G*
charge=0
mult=3

geom=xyz
3
 
C          0.0000000000        0.0696643962        0.0000000000
H          0.0000000000        0.5136378019       -1.0016934426
H          0.0000000000        0.5136378019        1.0016934426

 
 
 Checking keyword combinations...
 
 Keywords:
 
 active=none
 agrid=ld0006-ld0590
 basis=6-31g*
 basis_sm=none
 basopt=off
 bfbasis=none
 bpcompo=0.985
 bpcompv=0.98
 bpdfo=0.985
 bpocc=0.985
 bppdo=0.985
 bppdv=0.98
 bpedo=0.985
 bpedv=0.98
 calc=ccsdt
 ccmaxit=50
 ccprog=mrcc
 cctol=6
 charge=0
 cialg=disk
 ciguess=off
 cmpgrp=auto
 core=frozen
 corembed=off
 dboc=off
 dendec=cholesky
 dens=0
 dfalg=lineq
 dfbasis_cor=none
 dfbasis_scf=none
 dfintran=ovirt
 dft=off
 diag=david
 domrad=10.d0
 drpaalg=fit
 dual=off
 ecp=auto
 edisp=off
 embed=off
 epert=none
 eps=0.975
 excrad=0.d0
 excrad_fin=0.000000000D+00
 freq=off
 gauss=spher
 geom=xyz
 gopt=off
 ghost=none
 gtol=7
 grdens=off
 grtol=10
 hamilton=dc
 iface=none
 intalg=auto
 itol=10
 laptol=1.d-2
 lcorthr=loose
 lccrest=off
 lmp2dens=on
 lnoepso=0.d0
 lnoepsv=1e-6
 localcc=off
 localcorrsymm=off
 locintrf=disk
 maxact=off
 maxdim=100
 maxex=0
 mem=256MB
 molden=on
 mulmet=0
 mult=3
 nacto=0
 nactv=0
 naf_cor=off
 naf_scf=off
 nafalg=albe
 naftyp=
 nchol=auto
 ndeps=1e-3
 nstate=1
 nsing=0
 ntrip=0
 occ=
 optalg=
 optmaxit=50
 optetol=1e-6
 optgtol=1e-4
 optstol=1e-3
 orblocc=off
 orbloco=off
 orblocv=off
 orblocguess=cholesky
 osveps=1e-3
 ovirt=off
 ovltol=1e-7
 ovosnorb=80.0
 ptfreq=0.0
 popul=off
 pressure=100000
 qscf=off
 qmmm=off
 redcost_exc=off
 refdet=none
 rest=0
 rgrid=log3
 rohftype=standard
 scfalg=auto
 scfdamp=off
 scfdiis=on
 scfdiis_end=50
 scfdiis_start=1
 scfdiis_step=1
 scfdtol=7
 scfext=10
 scfiguess=sad
 scflshift=off
 scfmaxit=50
 scftype=rohf
 scftol=6
 scspe=1.d0
 scsps=1.2d0
 scspt=0.33333333333333
 scspv=1.d0
 spairtol=1e-4
 symm=
 talg=occ
 temp=298.15
 test=off
 tprint=off
 uncontract=off
 unit=angs
 verbosity=2
 wpairtol=0.100000000E-05

 ************************ 2019-01-13 18:35:08 *************************
 Executing integ...

 Allocation of 256.0 Mbytes of memory...
 
 
 Number of atoms:              3
 Charge:                       0
 Number of electrons:          8
 Number of core electrons:     2
 Spin multiplicity:            3
 
                 Cartesian coordinates [bohr]      Atomic mass [AMU]  Z
   1  C     0.00000000    0.13164663    0.00000000    12.000000       6
   2  H     0.00000000    0.97063477   -1.89292627     1.007825       1
   3  H     0.00000000    0.97063477    1.89292627     1.007825       1
 
 This molecule is an asymmetric top.
 This molecule is planar.
 
 Rotational constants [cm-1]: 
     49.556365406867      8.335116953321      7.135041021713
 
 Point group: C2v 
 Computational point group: C2v 
 
 Cartesian coordinates in standard orientation [bohr]
   1  C     0.00000000    0.00000000   -0.12065844
   2  H     0.00000000   -1.89292627    0.71832970
   3  H     0.00000000    1.89292627    0.71832970
 
 Nuclear repulsion energy [au]:          6.059774741690
 
 
 Basis set information:
 
 Maximum angular momentum: d
 Maximum number of contracted Gaussians:    3
 Maximum number of primitive Gaussians:    10
 Spherical harmonic GTOs are used.
 
    1  C  6-31g* [ 10s 4p 1d | 3s 2p 1d ]
    2  H  6-31g [ 4s | 2s ]
    3  H  6-31g [ 4s | 2s ]
 
 Total number of basis functions:     18
 
 
 Generating initial guess for the SCF calculation...
 CPU time [min]:     0.002                   Wall time [min]:     0.016
 
 Character table for point group C2v:
 
          E  C2  Qh  Qv  
    A1    1   1   1   1
    B1    1  -1   1  -1
    B2    1  -1  -1   1
    A2    1   1  -1  -1
 
 Number of basis functions per irrep:
    A1      9
    B1      5
    B2      3
    A2      1
 
 
 Calculation of overlap integrals...
 CPU time [min]:     0.002                   Wall time [min]:     0.016
 
 Calculation of the square root of the overlap matrix...
 Minimum eigenvalue of the overlap matrix: 0.427960E-01
 CPU time [min]:     0.002                   Wall time [min]:     0.016
 
 Calculation of kinetic energy integrals...
 CPU time [min]:     0.002                   Wall time [min]:     0.016
 Calculation of nuclear attraction integrals...
 CPU time [min]:     0.002                   Wall time [min]:     0.016
 
 Calculation of prescreening integrals...
 CPU time [min]:     0.002                   Wall time [min]:     0.016
 
 Calculation of two-electron integrals...
   7% done.
  38% done.
  63% done.
 100% done.
 CPU time [min]:     0.003                   Wall time [min]:     0.017

 ************************ 2019-01-13 18:35:09 *************************
 Executing scf...

 Allocation of 256.0 Mbytes of memory...
 ======================================================================
 ITERATION STEP   1
 CPU time [min]:     0.001                   Wall time [min]:     0.001
 
 ALPHA OCC:   3   1   1   0
 BETA  OCC:   2   1   0   0
 ***HARTREE-FOCK ENERGY IN STEP   1 IS     -38.7708112319110612 [AU]
 ======================================================================
 ITERATION STEP   2
 CPU time [min]:     0.002                   Wall time [min]:     0.002
 
 ALPHA OCC:   3   1   1   0
 BETA  OCC:   2   1   0   0
 ***HARTREE-FOCK ENERGY IN STEP   2 IS     -38.8935238196633932 [AU]
 ======================================================================
 ITERATION STEP   3
 CPU time [min]:     0.002                   Wall time [min]:     0.002
 
 ALPHA OCC:   3   1   1   0
 BETA  OCC:   2   1   0   0
 ***HARTREE-FOCK ENERGY IN STEP   3 IS     -38.9099736924493556 [AU]
 ======================================================================
 ITERATION STEP   4
 CPU time [min]:     0.002                   Wall time [min]:     0.002
 
 ALPHA OCC:   3   1   1   0
 BETA  OCC:   2   1   0   0
 ***HARTREE-FOCK ENERGY IN STEP   4 IS     -38.9151736547416647 [AU]
 ======================================================================
 ITERATION STEP   5
 CPU time [min]:     0.002                   Wall time [min]:     0.002
 
 ALPHA OCC:   3   1   1   0
 BETA  OCC:   2   1   0   0
 ***HARTREE-FOCK ENERGY IN STEP   5 IS     -38.9152190604767583 [AU]
 ======================================================================
 ITERATION STEP   6
 CPU time [min]:     0.002                   Wall time [min]:     0.002
 
 ALPHA OCC:   3   1   1   0
 BETA  OCC:   2   1   0   0
 ***HARTREE-FOCK ENERGY IN STEP   6 IS     -38.9152195811613950 [AU]
 ======================================================================
 ITERATION STEP   7
 CPU time [min]:     0.002                   Wall time [min]:     0.002
 
 ALPHA OCC:   3   1   1   0
 BETA  OCC:   2   1   0   0
 ***HARTREE-FOCK ENERGY IN STEP   7 IS     -38.9152196044664507 [AU]
 ======================================================================
 ITERATION STEP   8
 CPU time [min]:     0.003                   Wall time [min]:     0.003
 
 ALPHA OCC:   3   1   1   0
 BETA  OCC:   2   1   0   0
 ***HARTREE-FOCK ENERGY IN STEP   8 IS     -38.9152196046327319 [AU]
 ======================================================================
 ITERATION STEP   9
 CPU time [min]:     0.003                   Wall time [min]:     0.003
 
 ALPHA OCC:   3   1   1   0
 BETA  OCC:   2   1   0   0
 ***HARTREE-FOCK ENERGY IN STEP   9 IS     -38.9152196046383310 [AU]
 ======================================================================
 ITERATION STEP  10
 CPU time [min]:     0.003                   Wall time [min]:     0.003
 
 ALPHA OCC:   3   1   1   0
 BETA  OCC:   2   1   0   0
 ***HARTREE-FOCK ENERGY IN STEP  10 IS     -38.9152196046384447 [AU]
 ======================================================================
 
 SUCCESS...
 THE SCF ITERATION HAS CONVERGED!
 
                   A1  B1  B2  A2  
 FINAL ALPHA OCC:   3   1   1   0
 FINAL BETA  OCC:   2   1   0   0
 
 ***FINAL HARTREE-FOCK ENERGY:    -38.9152196046384447 [AU]
 
 RETURNING FROM SCF ALGORITHM
 ======================================================================

 ************************ 2019-01-13 18:35:09 *************************
 Executing ovirt...

 ovirt, the routine of orbital optimization and integral transformation 
Sun Jan 13 18:35:09 CST 2019
 Allocated memory:                     256  Mb
 RHF calculation! 
 integral transforamtion: AOs ------ MOs
 # of basis functions, # of int. blocks    18     1
100 % 
 second part
100 %
 integral transformation is completed! 
CPU and WC time           0.01           0.01     AOs -> MOs 
 inttol =   1.000000000000000E-010   10.0000000000000     
Integrals are written to fort.55
Sun Jan 13 18:35:09 CST 2019
  ovirt terminated normally 

 ************************ 2019-01-13 18:35:09 *************************
 Executing goldstone...

 Generation of CC equations in terms of H and T...
 Generation of antisymmetrized Goldstone diagrams...
 Number of diagrams in T^1 equations:    15
 Number of diagrams in T^2 equations:    37
 Number of diagrams in T^3 equations:    47
 Translation of diagrams to factorized equations...
 Optimizing intermediate calculation...
 Number of floating-point operations per iteration step:   1.1939E+07
 Probable CPU time per iteration step (hours):      0.00
 Required memory (Mbytes):       5.3
 Number of intermediates:                                  69
 Number of intermediates to be stored:                     30
 Length of intermediate file (Mbytes):       0.4

 ************************ 2019-01-13 18:35:09 *************************
 Executing xmrcc...

 **********************************************************************
 CC(                     3 ) calculation 
 
 
 Allocation of 100.0 Mbytes of memory...
 Number of spinorbitals:                    34
 Number of alpha electrons:                        4
 Number of beta electrons:                         2
 Spin multiplicity:                     2
 z-component of spin:  1.0
 Spatial symmetry:                      3
 Convergence criterion:  1.0E-06
 Construction of occupation graphs...
 Number of                     0 -fold excitations:                      1
 Number of                     1 -fold excitations:                     29
 Number of                     2 -fold excitations:                    590
 Number of                     3 -fold excitations:                   5213
 Total number of configurations:                   5833
 Calculation of coupling coefficients...
 Length of intermediate file (Mbytes):       0.7
 
 ======================================================================
 
 Memory requirements /Mbyte/: 
               Minimal        Optimal
 Real*8:          0.1316         0.6433
 Integer:         0.4124
 Total:           0.5440         1.0557
 

 ************************ 2019-01-13 18:35:09 *************************
 Executing mrcc...

 **********************************************************************
 CCSDT calculation                                                      
 
 
 OpenMP parallel version is running.
 Number of CPUs:   1
 Allocation of    0.6 Mbytes of memory...
 Number of spinorbitals:  34
 Number of alpha electrons:  4
 Number of beta  electrons:  2
 Spin multiplicity: 2
 z-component of spin:  1.0
 Spatial symmetry: 3
 Convergence criterion:  1.0E-06
 Construction of occupation graphs...
 Number of 0-fold excitations: 1
 Number of 1-fold excitations: 29
 Number of 2-fold excitations: 590
 Number of 3-fold excitations: 5213
 Total number of determinants: 5833
 Calculation of coupling coefficients...
 Initial cluster amplitudes are generated.
 Length of intermediate file (Mbytes):       0.7
 Reading integral list from unit 55...
 Sorting integrals...
 Energy of reference determinant [au]:     -38.915219604638
 Calculation of MP denominators...
 
 Starting CC iteration...
 ======================================================================
 Norm of residual vector:     0.52996574
 CPU time [min]:     0.001                   Wall time [min]:     0.002
 
 Iteration  1  CC energy:   -39.00140090  Energy decrease:   0.08618130
 ======================================================================
 Norm of residual vector:     0.12040788
 CPU time [min]:     0.002                   Wall time [min]:     0.002
 
 Iteration  2  CC energy:   -39.01698054  Energy decrease:   0.01557964
 ======================================================================
 Norm of residual vector:     0.03175166
 CPU time [min]:     0.003                   Wall time [min]:     0.003
 
 Iteration  3  CC energy:   -39.02108760  Energy decrease:   0.00410706
 ======================================================================
 Norm of residual vector:     0.01095898
 CPU time [min]:     0.004                   Wall time [min]:     0.004
 
 Iteration  4  CC energy:   -39.02171625  Energy decrease:   0.00062865
 ======================================================================
 Norm of residual vector:     0.00413713
 CPU time [min]:     0.005                   Wall time [min]:     0.005
 
 Iteration  5  CC energy:   -39.02171974  Energy decrease:   0.00000349
 ======================================================================
 Norm of residual vector:     0.00144497
 CPU time [min]:     0.006                   Wall time [min]:     0.006
 
 Iteration  6  CC energy:   -39.02172720  Energy decrease:   0.00000746
 ======================================================================
 Norm of residual vector:     0.00051529
 CPU time [min]:     0.007                   Wall time [min]:     0.007
 
 Iteration  7  CC energy:   -39.02173672  Energy decrease:   0.00000952
 ======================================================================
 Norm of residual vector:     0.00015866
 CPU time [min]:     0.008                   Wall time [min]:     0.008
 
 Iteration  8  CC energy:   -39.02173846  Energy decrease:   0.00000175
 ======================================================================
 Norm of residual vector:     0.00004787
 CPU time [min]:     0.008                   Wall time [min]:     0.009
 
 Iteration  9  CC energy:   -39.02173801  Energy decrease:   0.00000045
 ======================================================================
 Norm of residual vector:     0.00001584
 CPU time [min]:     0.009                   Wall time [min]:     0.010
 
 Iteration 10  CC energy:   -39.02173820  Energy decrease:   0.00000019
 ======================================================================
 Norm of residual vector:     0.00000490
 CPU time [min]:     0.010                   Wall time [min]:     0.010
 
 Iteration 11  CC energy:   -39.02173825  Energy decrease:   0.00000005
 ======================================================================
 Norm of residual vector:     0.00000156
 CPU time [min]:     0.011                   Wall time [min]:     0.011
 
 Iteration 12  CC energy:   -39.02173822  Energy decrease:   0.00000003
 ======================================================================
 Norm of residual vector:     0.00000048
 CPU time [min]:     0.012                   Wall time [min]:     0.012
 
 Iteration 13  CC energy:   -39.02173823  Energy decrease:   3.3590E-09
 ======================================================================
 
 Iteration has converged in 13 steps.
 
 Final results:
 Total CCSDT energy [au]:            -39.021738226589
 
 ************************ 2019-01-13 18:35:10 *************************
                      Normal termination of mrcc.
 **********************************************************************
