 **********************************************************************
                          MRCC program system
 **********************************************************************
 
                              Written by
  Mihaly Kallay, Zoltan Rolik, Jozsef Csontos, Peter Nagy, Gyula Samu,
      David Mester, Jozsef Csoka, Bernat Szabo, Istvan Ladjanszki,
       Lorant Szegedy, Bence Ladoczki, Klara Petrov, Mate Farkas,
                    Pal D. Mezei, and Bence Hegely
 
        Department of Physical Chemistry and Materials Science
            Budapest University of Technology and Economics
                  Budapest P.O.Box 91, H-1521 Hungary
 
                              www.mrcc.hu
 
                       Release date: May 23, 2018

 ************************ 2019-01-13 18:35:49 *************************
 Executing minp...

 Reading input from MINP...
 
 Input file:
 
calc=HF
scftype=UHF
basis=6-31G*
charge=0
mult=3

geom=xyz
3
 
C          0.0000000000        0.0696643962        0.0000000000
H          0.0000000000        0.5136378019       -1.0016934426
H          0.0000000000        0.5136378019        1.0016934426

 
 
 Checking keyword combinations...
 
 Keywords:
 
 active=none
 agrid=ld0006-ld0590
 basis=6-31g*
 basis_sm=none
 basopt=off
 bfbasis=none
 bpcompo=0.985
 bpcompv=0.98
 bpdfo=0.985
 bpocc=0.985
 bppdo=0.985
 bppdv=0.98
 bpedo=0.985
 bpedv=0.98
 calc=scf
 ccmaxit=50
 ccprog=mrcc
 cctol=6
 charge=0
 cialg=disk
 ciguess=off
 cmpgrp=auto
 core=frozen
 corembed=off
 dboc=off
 dendec=cholesky
 dens=0
 dfalg=lineq
 dfbasis_cor=none
 dfbasis_scf=none
 dfintran=ovirt
 dft=off
 diag=david
 domrad=10.d0
 drpaalg=fit
 dual=off
 ecp=auto
 edisp=off
 embed=off
 epert=none
 eps=0.975
 excrad=0.d0
 excrad_fin=0.000000000D+00
 freq=off
 gauss=spher
 geom=xyz
 gopt=off
 ghost=none
 gtol=7
 grdens=off
 grtol=10
 hamilton=dc
 iface=none
 intalg=auto
 itol=10
 laptol=1.d-2
 lcorthr=loose
 lccrest=off
 lmp2dens=on
 lnoepso=0.d0
 lnoepsv=1e-6
 localcc=off
 localcorrsymm=off
 locintrf=disk
 maxact=off
 maxdim=100
 maxex=0
 mem=256MB
 molden=on
 mulmet=0
 mult=3
 nacto=0
 nactv=0
 naf_cor=off
 naf_scf=off
 nafalg=albe
 naftyp=
 nchol=auto
 ndeps=1e-3
 nstate=1
 nsing=0
 ntrip=0
 occ=
 optalg=
 optmaxit=50
 optetol=1e-6
 optgtol=1e-4
 optstol=1e-3
 orblocc=off
 orbloco=off
 orblocv=off
 orblocguess=cholesky
 osveps=1e-3
 ovirt=off
 ovltol=1e-7
 ovosnorb=80.0
 ptfreq=0.0
 popul=off
 pressure=100000
 qscf=off
 qmmm=off
 redcost_exc=off
 refdet=none
 rest=0
 rgrid=log3
 rohftype=standard
 scfalg=auto
 scfdamp=off
 scfdiis=on
 scfdiis_end=50
 scfdiis_start=1
 scfdiis_step=1
 scfdtol=6
 scfext=10
 scfiguess=sad
 scflshift=off
 scfmaxit=50
 scftype=uhf
 scftol=6
 scspe=1.d0
 scsps=1.2d0
 scspt=0.33333333333333
 scspv=1.d0
 spairtol=1e-4
 symm=
 talg=occ
 temp=298.15
 test=off
 tprint=off
 uncontract=off
 unit=angs
 verbosity=2
 wpairtol=0.100000000E-05

 ************************ 2019-01-13 18:35:49 *************************
 Executing integ...

 Allocation of 256.0 Mbytes of memory...
 
 
 Number of atoms:              3
 Charge:                       0
 Number of electrons:          8
 Number of core electrons:     2
 Spin multiplicity:            3
 
                 Cartesian coordinates [bohr]      Atomic mass [AMU]  Z
   1  C     0.00000000    0.13164663    0.00000000    12.000000       6
   2  H     0.00000000    0.97063477   -1.89292627     1.007825       1
   3  H     0.00000000    0.97063477    1.89292627     1.007825       1
 
 This molecule is an asymmetric top.
 This molecule is planar.
 
 Rotational constants [cm-1]: 
     49.556365406867      8.335116953321      7.135041021713
 
 Point group: C2v 
 Computational point group: C2v 
 
 Cartesian coordinates in standard orientation [bohr]
   1  C     0.00000000    0.00000000   -0.12065844
   2  H     0.00000000   -1.89292627    0.71832970
   3  H     0.00000000    1.89292627    0.71832970
 
 Nuclear repulsion energy [au]:          6.059774741690
 
 
 Basis set information:
 
 Maximum angular momentum: d
 Maximum number of contracted Gaussians:    3
 Maximum number of primitive Gaussians:    10
 Spherical harmonic GTOs are used.
 
    1  C  6-31g* [ 10s 4p 1d | 3s 2p 1d ]
    2  H  6-31g [ 4s | 2s ]
    3  H  6-31g [ 4s | 2s ]
 
 Total number of basis functions:     18
 
 
 Generating initial guess for the SCF calculation...
 CPU time [min]:     0.002                   Wall time [min]:     0.016
 
 Character table for point group C2v:
 
          E  C2  Qh  Qv  
    A1    1   1   1   1
    B1    1  -1   1  -1
    B2    1  -1  -1   1
    A2    1   1  -1  -1
 
 Number of basis functions per irrep:
    A1      9
    B1      5
    B2      3
    A2      1
 
 
 Calculation of overlap integrals...
 CPU time [min]:     0.002                   Wall time [min]:     0.016
 
 Calculation of the square root of the overlap matrix...
 Minimum eigenvalue of the overlap matrix: 0.427960E-01
 CPU time [min]:     0.002                   Wall time [min]:     0.016
 
 Calculation of kinetic energy integrals...
 CPU time [min]:     0.002                   Wall time [min]:     0.016
 Calculation of nuclear attraction integrals...
 CPU time [min]:     0.002                   Wall time [min]:     0.016
 
 Calculation of prescreening integrals...
 CPU time [min]:     0.002                   Wall time [min]:     0.016
 
 Calculation of two-electron integrals...
   7% done.
  38% done.
  63% done.
 100% done.
 CPU time [min]:     0.003                   Wall time [min]:     0.017

 ************************ 2019-01-13 18:35:50 *************************
 Executing scf...

 Allocation of 256.0 Mbytes of memory...
 ======================================================================
 ITERATION STEP   1
 CPU time [min]:     0.001                   Wall time [min]:     0.001
 
 ALPHA OCC:   3   1   1   0
 BETA  OCC:   2   1   0   0
 ***HARTREE-FOCK ENERGY IN STEP   1 IS     -38.7708112319110612 [AU]
 ======================================================================
 ITERATION STEP   2
 CPU time [min]:     0.002                   Wall time [min]:     0.002
 
 ALPHA OCC:   3   1   1   0
 BETA  OCC:   2   1   0   0
 ***HARTREE-FOCK ENERGY IN STEP   2 IS     -38.9060950112879027 [AU]
 ======================================================================
 ITERATION STEP   3
 CPU time [min]:     0.002                   Wall time [min]:     0.002
 
 ALPHA OCC:   3   1   1   0
 BETA  OCC:   2   1   0   0
 ***HARTREE-FOCK ENERGY IN STEP   3 IS     -38.9181093015002091 [AU]
 ======================================================================
 ITERATION STEP   4
 CPU time [min]:     0.002                   Wall time [min]:     0.002
 
 ALPHA OCC:   3   1   1   0
 BETA  OCC:   2   1   0   0
 ***HARTREE-FOCK ENERGY IN STEP   4 IS     -38.9202237647431417 [AU]
 ======================================================================
 ITERATION STEP   5
 CPU time [min]:     0.002                   Wall time [min]:     0.002
 
 ALPHA OCC:   3   1   1   0
 BETA  OCC:   2   1   0   0
 ***HARTREE-FOCK ENERGY IN STEP   5 IS     -38.9203814106459802 [AU]
 ======================================================================
 ITERATION STEP   6
 CPU time [min]:     0.002                   Wall time [min]:     0.002
 
 ALPHA OCC:   3   1   1   0
 BETA  OCC:   2   1   0   0
 ***HARTREE-FOCK ENERGY IN STEP   6 IS     -38.9203882124959293 [AU]
 ======================================================================
 ITERATION STEP   7
 CPU time [min]:     0.002                   Wall time [min]:     0.002
 
 ALPHA OCC:   3   1   1   0
 BETA  OCC:   2   1   0   0
 ***HARTREE-FOCK ENERGY IN STEP   7 IS     -38.9203885389905508 [AU]
 ======================================================================
 ITERATION STEP   8
 CPU time [min]:     0.003                   Wall time [min]:     0.003
 
 ALPHA OCC:   3   1   1   0
 BETA  OCC:   2   1   0   0
 ***HARTREE-FOCK ENERGY IN STEP   8 IS     -38.9203885933795988 [AU]
 ======================================================================
 ITERATION STEP   9
 CPU time [min]:     0.003                   Wall time [min]:     0.003
 
 ALPHA OCC:   3   1   1   0
 BETA  OCC:   2   1   0   0
 ***HARTREE-FOCK ENERGY IN STEP   9 IS     -38.9203886011823172 [AU]
 ======================================================================
 ITERATION STEP  10
 CPU time [min]:     0.003                   Wall time [min]:     0.003
 
 ALPHA OCC:   3   1   1   0
 BETA  OCC:   2   1   0   0
 ***HARTREE-FOCK ENERGY IN STEP  10 IS     -38.9203886018562883 [AU]
 ======================================================================
 
 SUCCESS...
 THE SCF ITERATION HAS CONVERGED!
 
                   A1  B1  B2  A2  
 FINAL ALPHA OCC:   3   1   1   0
 FINAL BETA  OCC:   2   1   0   0
 
 ***FINAL HARTREE-FOCK ENERGY:    -38.9203886018562883 [AU]
 
 RETURNING FROM SCF ALGORITHM
 ======================================================================
 
 ************************ 2019-01-13 18:35:50 *************************
                      Normal termination of mrcc.
 **********************************************************************
