
    -----------------------------------------------------------------------
          Psi4: An Open-Source Ab Initio Electronic Structure Package
                               Psi4 1.2.1 release

                         Git: Rev {HEAD} 406f4de 


    R. M. Parrish, L. A. Burns, D. G. A. Smith, A. C. Simmonett,
    A. E. DePrince III, E. G. Hohenstein, U. Bozkaya, A. Yu. Sokolov,
    R. Di Remigio, R. M. Richard, J. F. Gonthier, A. M. James,
    H. R. McAlexander, A. Kumar, M. Saitow, X. Wang, B. P. Pritchard,
    P. Verma, H. F. Schaefer III, K. Patkowski, R. A. King, E. F. Valeev,
    F. A. Evangelista, J. M. Turney, T. D. Crawford, and C. D. Sherrill,
    J. Chem. Theory Comput. 13(7) pp 3185--3197 (2017).
    (doi: 10.1021/acs.jctc.7b00174)


                         Additional Contributions by
    P. Kraus, H. Kruse, M. H. Lechner, M. C. Schieber, and R. A. Shaw

    -----------------------------------------------------------------------


    Psi4 started on: Tuesday, 15 January 2019 11:43AM

    Process ID: 89405
    Host:       blogin3
    PSIDATADIR: /home/kmoore/miniconda/envs/esenv/share/psi4
    Memory:     500.0 MiB
    Threads:    1
    
  ==> Input File <==

--------------------------------------------------------------------------
# Psi4 1.0 Computation 

molecule {
 0 1
 O          0.0000000000       -0.0530229169        0.0000000000
 H          0.0000000000        0.5556614584       -0.7504910643
 H          0.0000000000        0.5556614584        0.7504910643
 units angstrom
}

set reference rks
set scf_type pk
set basis 6-31G*

energy('b3lyp')
--------------------------------------------------------------------------

*** tstart() called on blogin3
*** at Tue Jan 15 11:43:48 2019

   => Loading Basis Set <=

    Name: 6-31G*
    Role: ORBITAL
    Keyword: BASIS
    atoms 1   entry O          line   145 file /home/kmoore/miniconda/envs/esenv/share/psi4/basis/6-31gs.gbs 
    atoms 2-3 entry H          line    44 file /home/kmoore/miniconda/envs/esenv/share/psi4/basis/6-31gs.gbs 


         ---------------------------------------------------------
                                   SCF
            by Justin Turney, Rob Parrish, Andy Simmonett
                             and Daniel Smith
                              RKS Reference
                        1 Threads,    500 MiB Core
         ---------------------------------------------------------

  ==> Geometry <==

    Molecular point group: c2v
    Full point group: C2v

    Geometry (in Angstrom), charge = 0, multiplicity = 1:

       Center              X                  Y                   Z               Mass       
    ------------   -----------------  -----------------  -----------------  -----------------
         O            0.000000000000     0.000000000000    -0.068120834725    15.994914619560
         H           -0.000000000000     0.750491064300     0.540563540575     1.007825032070
         H            0.000000000000    -0.750491064300     0.540563540575     1.007825032070

  Running in c2v symmetry.

  Rotational constants: A =     25.41806  B =     14.84876  C =      9.37315 [cm^-1]
  Rotational constants: A = 762014.35919  B = 445154.74598  C = 280999.82600 [MHz]
  Nuclear repulsion =    9.114682954848963

  Charge       = 0
  Multiplicity = 1
  Electrons    = 10
  Nalpha       = 5
  Nbeta        = 5

  ==> Algorithm <==

  SCF Algorithm Type is PK.
  DIIS enabled.
  MOM disabled.
  Fractional occupation disabled.
  Guess Type is SAD.
  Energy threshold   = 1.00e-06
  Density threshold  = 1.00e-06
  Integral threshold = 0.00e+00

  ==> Primary Basis <==

  Basis Set: 6-31G*
    Blend: 6-31G*
    Number of shells: 10
    Number of basis function: 19
    Number of Cartesian functions: 19
    Spherical Harmonics?: false
    Max angular momentum: 2

  ==> DFT Potential <==

   => Composite Functional: B3LYP <= 

    B3LYP Hyb-GGA Exchange-Correlation Functional

    P. J. Stephens, F. J. Devlin, C. F. Chabalowski, and M. J. Frisch, J. Phys. Chem. 98, 11623 (1994)

    Deriv               =              1
    GGA                 =           TRUE
    Meta                =          FALSE

    Exchange Hybrid     =           TRUE
    MP2 Hybrid          =          FALSE

   => Exchange Functionals <=

    0.0800   Slater exchange
    0.7200         Becke 88

   => Exact (HF) Exchange <=

    0.2000               HF 

   => Correlation Functionals <=

    0.1900   Vosko, Wilk & Nusair (VWN5_RPA)
    0.8100   Lee, Yang & Parr

   => Molecular Quadrature <=

    Radial Scheme       =       TREUTLER
    Pruning Scheme      =           FLAT
    Nuclear Scheme      =       TREUTLER

    BS radius alpha     =              1
    Pruning alpha       =              1
    Radial Points       =             75
    Spherical Points    =            302
    Total Points        =          65565
    Total Blocks        =            558
    Max Points          =            256
    Max Functions       =             19

  ==> Pre-Iterations <==

   -------------------------------------------------------
    Irrep   Nso     Nmo     Nalpha   Nbeta   Ndocc  Nsocc
   -------------------------------------------------------
     A1        10      10       0       0       0       0
     A2         1       1       0       0       0       0
     B1         3       3       0       0       0       0
     B2         5       5       0       0       0       0
   -------------------------------------------------------
    Total      19      19       5       5       5       0
   -------------------------------------------------------

  ==> Integral Setup <==

  Using in-core PK algorithm.
   Calculation information:
      Number of atoms:                   3
      Number of AO shells:              10
      Number of primitives:             23
      Number of atomic orbitals:        19
      Number of basis functions:        19

      Integral cutoff                 1.00e-12
      Number of threads:                 1

  Performing in-core PK
  Using 36290 doubles for integral storage.
  We computed 1540 shell quartets total.
  Whereas there are 1540 unique shell quartets.

  ==> DiskJK: Disk-Based J/K Matrices <==

    J tasked:                  Yes
    K tasked:                  Yes
    wK tasked:                  No
    Memory (MB):               375
    Schwarz Cutoff:          1E-12

    OpenMP threads:              1

  Minimum eigenvalue in the overlap matrix is 2.2607421967E-02.
  Using Symmetric Orthogonalization.

  SCF Guess: Superposition of Atomic Densities via on-the-fly atomic UHF.

  ==> Iterations <==

                        Total Energy        Delta E     RMS |[F,P]|

   @RKS iter   0:   -76.39086253937670   -7.63909e+01   1.34800e-01 
   @RKS iter   1:   -76.34066972747377    5.01928e-02   3.67381e-02 
   @RKS iter   2:   -76.27261803639445    6.80517e-02   5.27312e-02 DIIS
   @RKS iter   3:   -76.40880038947246   -1.36182e-01   9.75411e-04 DIIS
   @RKS iter   4:   -76.40884972470792   -4.93352e-05   1.87037e-04 DIIS
   @RKS iter   5:   -76.40885146022964   -1.73552e-06   1.98019e-05 DIIS
   @RKS iter   6:   -76.40885148212651   -2.18969e-08   1.04991e-06 DIIS
   @RKS iter   7:   -76.40885148219886   -7.23475e-11   6.69548e-08 DIIS

  ==> Post-Iterations <==

    Orbital Energies [Eh]
    ---------------------

    Doubly Occupied:                                                      

       1A1   -19.138660     2A1    -1.000505     1B2    -0.515032  
       3A1    -0.375973     1B1    -0.291958  

    Virtual:                                                              

       4A1     0.062962     2B2     0.148550     3B2     0.767168  
       5A1     0.867118     2B1     0.890338     6A1     0.897606  
       4B2     1.064822     7A1     1.200382     8A1     1.723415  
       1A2     1.747174     3B1     1.777334     9A1     2.283764  
       5B2     2.577673    10A1     3.549927  

    Final Occupation by Irrep:
             A1    A2    B1    B2 
    DOCC [     3,    0,    1,    1 ]

  Energy converged.

  @RKS Final Energy:   -76.40885148219886

   => Energetics <=

    Nuclear Repulsion Energy =              9.1146829548489627
    One-Electron Energy =                -122.9775970878429376
    Two-Electron Energy =                  45.0110196481831792
    DFT Exchange-Correlation Energy =      -7.5569569973880766
    Empirical Dispersion Energy =           0.0000000000000000
    VV10 Nonlocal Energy =                  0.0000000000000000
    Total Energy =                        -76.4088514821988696



Properties will be evaluated at   0.000000,   0.000000,   0.000000 [a0]

Properties computed using the SCF density matrix

  Nuclear Dipole Moment: [e a0]
     X:     0.0000      Y:     0.0000      Z:     1.0132

  Electronic Dipole Moment: [e a0]
     X:     0.0000      Y:     0.0000      Z:    -0.1787

  Dipole Moment: [e a0]
     X:     0.0000      Y:     0.0000      Z:     0.8345     Total:     0.8345

  Dipole Moment: [D]
     X:     0.0000      Y:     0.0000      Z:     2.1210     Total:     2.1210


*** tstop() called on blogin3 at Tue Jan 15 11:43:49 2019
Module time:
	user time   =       1.40 seconds =       0.02 minutes
	system time =       0.04 seconds =       0.00 minutes
	total time  =          1 seconds =       0.02 minutes
Total time:
	user time   =       1.40 seconds =       0.02 minutes
	system time =       0.04 seconds =       0.00 minutes
	total time  =          1 seconds =       0.02 minutes

    Psi4 stopped on: Tuesday, 15 January 2019 11:43AM
    Psi4 wall time for execution: 0:00:01.46

*** Psi4 exiting successfully. Buy a developer a beer!
