
    -----------------------------------------------------------------------
          Psi4: An Open-Source Ab Initio Electronic Structure Package
                               Psi4 1.2.1 release

                         Git: Rev {HEAD} 406f4de 


    R. M. Parrish, L. A. Burns, D. G. A. Smith, A. C. Simmonett,
    A. E. DePrince III, E. G. Hohenstein, U. Bozkaya, A. Yu. Sokolov,
    R. Di Remigio, R. M. Richard, J. F. Gonthier, A. M. James,
    H. R. McAlexander, A. Kumar, M. Saitow, X. Wang, B. P. Pritchard,
    P. Verma, H. F. Schaefer III, K. Patkowski, R. A. King, E. F. Valeev,
    F. A. Evangelista, J. M. Turney, T. D. Crawford, and C. D. Sherrill,
    J. Chem. Theory Comput. 13(7) pp 3185--3197 (2017).
    (doi: 10.1021/acs.jctc.7b00174)


                         Additional Contributions by
    P. Kraus, H. Kruse, M. H. Lechner, M. C. Schieber, and R. A. Shaw

    -----------------------------------------------------------------------


    Psi4 started on: Tuesday, 15 January 2019 11:43AM

    Process ID: 89352
    Host:       blogin3
    PSIDATADIR: /home/kmoore/miniconda/envs/esenv/share/psi4
    Memory:     500.0 MiB
    Threads:    1
    
  ==> Input File <==

--------------------------------------------------------------------------
# Psi4 1.0 Computation 

molecule {
 0 3
 C          0.0000000000        0.0696643962        0.0000000000
 H          0.0000000000        0.5136378019       -1.0016934426
 H          0.0000000000        0.5136378019        1.0016934426
 units angstrom
}

set reference rohf
set scf_type pk
set basis 6-31G* 

energy('ccsd(t)')
--------------------------------------------------------------------------

*** tstart() called on blogin3
*** at Tue Jan 15 11:43:38 2019

   => Loading Basis Set <=

    Name: 6-31G*
    Role: ORBITAL
    Keyword: BASIS
    atoms 1   entry C          line   111 file /home/kmoore/miniconda/envs/esenv/share/psi4/basis/6-31gs.gbs 
    atoms 2-3 entry H          line    44 file /home/kmoore/miniconda/envs/esenv/share/psi4/basis/6-31gs.gbs 


         ---------------------------------------------------------
                                   SCF
            by Justin Turney, Rob Parrish, Andy Simmonett
                             and Daniel Smith
                             ROHF Reference
                        1 Threads,    500 MiB Core
         ---------------------------------------------------------

  ==> Geometry <==

    Molecular point group: c2v
    Full point group: C2v

    Geometry (in Angstrom), charge = 0, multiplicity = 3:

       Center              X                  Y                   Z               Mass       
    ------------   -----------------  -----------------  -----------------  -----------------
         C            0.000000000000     0.000000000000    -0.063849697986    12.000000000000
         H           -0.000000000000     1.001693442600     0.380123707714     1.007825032070
         H            0.000000000000    -1.001693442600     0.380123707714     1.007825032070

  Running in c2v symmetry.

  Rotational constants: A =     49.55637  B =      8.33512  C =      7.13504 [cm^-1]
  Rotational constants: A = 1485662.44834  B = 249880.51814  C = 213903.14705 [MHz]
  Nuclear repulsion =    6.059774717871673

  Charge       = 0
  Multiplicity = 3
  Electrons    = 8
  Nalpha       = 5
  Nbeta        = 3

  ==> Algorithm <==

  SCF Algorithm Type is PK.
  DIIS enabled.
  MOM disabled.
  Fractional occupation disabled.
  Guess Type is GWH.
  Energy threshold   = 1.00e-08
  Density threshold  = 1.00e-08
  Integral threshold = 0.00e+00

  ==> Primary Basis <==

  Basis Set: 6-31G*
    Blend: 6-31G*
    Number of shells: 10
    Number of basis function: 19
    Number of Cartesian functions: 19
    Spherical Harmonics?: false
    Max angular momentum: 2

  ==> Pre-Iterations <==

   -------------------------------------------------------
    Irrep   Nso     Nmo     Nalpha   Nbeta   Ndocc  Nsocc
   -------------------------------------------------------
     A1        10      10       0       0       0       0
     A2         1       1       0       0       0       0
     B1         3       3       0       0       0       0
     B2         5       5       0       0       0       0
   -------------------------------------------------------
    Total      19      19       5       3       3       2
   -------------------------------------------------------

  ==> Integral Setup <==

  Using in-core PK algorithm.
   Calculation information:
      Number of atoms:                   3
      Number of AO shells:              10
      Number of primitives:             23
      Number of atomic orbitals:        19
      Number of basis functions:        19

      Integral cutoff                 1.00e-12
      Number of threads:                 1

  Performing in-core PK
  Using 36290 doubles for integral storage.
  We computed 1540 shell quartets total.
  Whereas there are 1540 unique shell quartets.

  ==> DiskJK: Disk-Based J/K Matrices <==

    J tasked:                  Yes
    K tasked:                  Yes
    wK tasked:                  No
    Memory (MB):               375
    Schwarz Cutoff:          1E-12

    OpenMP threads:              1

  Minimum eigenvalue in the overlap matrix is 3.7438749803E-02.
  Using Symmetric Orthogonalization.

  SCF Guess: Generalized Wolfsberg-Helmholtz.

  ==> Iterations <==

                        Total Energy        Delta E     RMS |[F,P]|

   @ROHF iter   1:   -38.33141782930860   -3.83314e+01   6.49101e-02 
   @ROHF iter   2:   -38.84933305753194   -5.17915e-01   2.45353e-02 DIIS
   @ROHF iter   3:   -38.91192265969052   -6.25896e-02   3.89647e-03 DIIS
   @ROHF iter   4:   -38.91504619757134   -3.12354e-03   1.22388e-03 DIIS
   @ROHF iter   5:   -38.91539658203921   -3.50384e-04   1.79683e-04 DIIS
   @ROHF iter   6:   -38.91540389500268   -7.31296e-06   2.12782e-05 DIIS
   @ROHF iter   7:   -38.91540398063954   -8.56369e-08   3.39567e-06 DIIS
   @ROHF iter   8:   -38.91540398366894   -3.02940e-09   6.54099e-07 DIIS
   @ROHF iter   9:   -38.91540398377814   -1.09203e-10   7.57633e-08 DIIS
   @ROHF iter  10:   -38.91540398377946   -1.32161e-12   1.23281e-08 DIIS
   @ROHF iter  11:   -38.91540398377946    0.00000e+00   2.02159e-09 DIIS

  ==> Post-Iterations <==

    Orbital Energies [Eh]
    ---------------------

    Doubly Occupied:                                                      

       1A1   -11.243354     2A1    -0.841930     1B2    -0.590299  

    Singly Occupied:                                                      

       3A1    -0.143446     1B1    -0.097550  

    Virtual:                                                              

       4A1     0.264462     2B2     0.340027     5A1     0.767946  
       2B1     0.795715     3B2     0.800867     6A1     0.840168  
       7A1     1.161729     4B2     1.212489     1A2     1.963053  
       8A1     2.000161     3B1     2.005079     5B2     2.419586  
       9A1     2.470649    10A1     4.410189  

    Final Occupation by Irrep:
             A1    A2    B1    B2 
    DOCC [     2,    0,    0,    1 ]
    SOCC [     1,    0,    1,    0 ]

  Energy converged.

  @ROHF Final Energy:   -38.91540398377946

   => Energetics <=

    Nuclear Repulsion Energy =              6.0597747178716732
    One-Electron Energy =                 -63.7299717441287612
    Two-Electron Energy =                  18.7547930424776226
    Total Energy =                        -38.9154039837794627



Properties will be evaluated at   0.000000,   0.000000,   0.000000 [a0]

Properties computed using the SCF density matrix

  Nuclear Dipole Moment: [e a0]
     X:     0.0000      Y:     0.0000      Z:     0.7127

  Electronic Dipole Moment: [e a0]
     X:     0.0000      Y:     0.0000      Z:    -0.4870

  Dipole Moment: [e a0]
     X:     0.0000      Y:     0.0000      Z:     0.2257     Total:     0.2257

  Dipole Moment: [D]
     X:     0.0000      Y:     0.0000      Z:     0.5736     Total:     0.5736


*** tstop() called on blogin3 at Tue Jan 15 11:43:38 2019
Module time:
	user time   =       0.15 seconds =       0.00 minutes
	system time =       0.01 seconds =       0.00 minutes
	total time  =          0 seconds =       0.00 minutes
Total time:
	user time   =       0.15 seconds =       0.00 minutes
	system time =       0.01 seconds =       0.00 minutes
	total time  =          0 seconds =       0.00 minutes
 MINTS: Wrapper to libmints.
   by Justin Turney

   Calculation information:
      Number of threads:                 1
      Number of atoms:                   3
      Number of AO shells:              10
      Number of SO shells:               8
      Number of primitives:             23
      Number of atomic orbitals:        19
      Number of basis functions:        19

      Number of irreps:                  4
      Integral cutoff                 0.00e+00
      Number of functions per irrep: [  10    1    3    5 ]

 OEINTS: Overlap, kinetic, potential, dipole, and quadrupole integrals
         stored in file 35.

      Computing two-electron integrals...done
      Computed 4443 non-zero two-electron integrals.
        Stored in file 33.


*** tstart() called on blogin3
*** at Tue Jan 15 11:43:38 2019


	Wfn Parameters:
	--------------------
	Wavefunction         = CCSD_T
	Number of irreps     = 4
	Number of MOs        = 19
	Number of active MOs = 19
	AO-Basis             = NONE
	Semicanonical        = true
	Reference            = ROHF changed to UHF for semicanonical orbitals
	Print Level          = 1

	IRREP	# MOs	# FZDC	# DOCC	# SOCC	# VIRT	# FZVR
	-----	-----	------	------	------	------	------
	 A1	   10	    0	    2	    1	    7	    0
	 A2	   1	    0	    0	    0	    1	    0
	 B1	   3	    0	    0	    1	    2	    0
	 B2	   5	    0	    1	    0	    4	    0
	Transforming integrals...
	IWL integrals will be deleted.
	(OO|OO)...
	Presorting SO-basis two-electron integrals.
	Sorting File: SO Ints (nn|nn) nbuckets = 1
	Transforming the one-electron integrals and constructing Fock matrices
	Starting AA/AB first half-transformation.
	Sorting AA/AB half-transformed integrals.
	Starting BB first half-transformation.
	Sorting BB half-transformed integrals.
	First half integral transformation complete.
	Starting AA second half-transformation.
	Starting AB second half-transformation.
	Starting BB second half-transformation.
	Two-electron integral transformation complete.
	(OO|OV)...
	Starting AA second half-transformation.
	Starting AB second half-transformation.
	Starting BB second half-transformation.
	Two-electron integral transformation complete.
	(OO|VV)...
	Starting AA second half-transformation.
	Starting AB second half-transformation.
	Starting BB second half-transformation.
	Two-electron integral transformation complete.
	(OV|OO)...
	Starting AA/AB first half-transformation.
	Sorting AA/AB half-transformed integrals.
	Starting BB first half-transformation.
	Sorting BB half-transformed integrals.
	First half integral transformation complete.
	Starting AA second half-transformation.
	Starting AB second half-transformation.
	Starting BB second half-transformation.
	Two-electron integral transformation complete.
	(OV|OV)...
	Starting AA second half-transformation.
	Starting AB second half-transformation.
	Starting BB second half-transformation.
	Two-electron integral transformation complete.
	(OV|VV)...
	Starting AA second half-transformation.
	Starting AB second half-transformation.
	Starting BB second half-transformation.
	Two-electron integral transformation complete.
	(VV|OO)...
	Starting AA/AB first half-transformation.
	Sorting AA/AB half-transformed integrals.
	Starting BB first half-transformation.
	Sorting BB half-transformed integrals.
	First half integral transformation complete.
	Starting AA second half-transformation.
	Starting AB second half-transformation.
	Starting BB second half-transformation.
	Two-electron integral transformation complete.
	(VV|OV)...
	Starting AA second half-transformation.
	Starting AB second half-transformation.
	Starting BB second half-transformation.
	Two-electron integral transformation complete.
	(VV|VV)...
	Starting AA second half-transformation.
	Starting AB second half-transformation.
	Starting BB second half-transformation.
	Two-electron integral transformation complete.
	Frozen core energy     =      0.00000000000000

	Size of irrep 0 of <AB|CD> integrals:      0.001 (MW) /      0.006 (MB)
	Size of irrep 1 of <AB|CD> integrals:      0.000 (MW) /      0.002 (MB)
	Size of irrep 2 of <AB|CD> integrals:      0.000 (MW) /      0.003 (MB)
	Size of irrep 3 of <AB|CD> integrals:      0.001 (MW) /      0.007 (MB)
	Total:                                     0.002 (MW) /      0.018 (MB)

	Size of irrep 0 of <ab|cd> integrals:      0.001 (MW) /      0.011 (MB)
	Size of irrep 1 of <ab|cd> integrals:      0.000 (MW) /      0.003 (MB)
	Size of irrep 2 of <ab|cd> integrals:      0.001 (MW) /      0.006 (MB)
	Size of irrep 3 of <ab|cd> integrals:      0.001 (MW) /      0.010 (MB)
	Total:                                     0.004 (MW) /      0.030 (MB)

	Size of irrep 0 of <Ab|Cd> integrals:      0.006 (MW) /      0.050 (MB)
	Size of irrep 1 of <Ab|Cd> integrals:      0.001 (MW) /      0.010 (MB)
	Size of irrep 2 of <Ab|Cd> integrals:      0.002 (MW) /      0.016 (MB)
	Size of irrep 3 of <Ab|Cd> integrals:      0.004 (MW) /      0.034 (MB)
	Total:                                     0.014 (MW) /      0.110 (MB)

	Size of irrep 0 of <IA|BC> integrals:      0.002 (MW) /      0.015 (MB)
	Size of irrep 1 of <IA|BC> integrals:      0.000 (MW) /      0.002 (MB)
	Size of irrep 2 of <IA|BC> integrals:      0.001 (MW) /      0.004 (MB)
	Size of irrep 3 of <IA|BC> integrals:      0.001 (MW) /      0.010 (MB)
	Total:                                     0.004 (MW) /      0.031 (MB)

	Size of irrep 0 of <ia|bc> integrals:      0.002 (MW) /      0.014 (MB)
	Size of irrep 1 of <ia|bc> integrals:      0.000 (MW) /      0.002 (MB)
	Size of irrep 2 of <ia|bc> integrals:      0.000 (MW) /      0.003 (MB)
	Size of irrep 3 of <ia|bc> integrals:      0.001 (MW) /      0.009 (MB)
	Total:                                     0.004 (MW) /      0.028 (MB)

	Size of irrep 0 of <Ia|Bc> integrals:      0.002 (MW) /      0.020 (MB)
	Size of irrep 1 of <Ia|Bc> integrals:      0.000 (MW) /      0.003 (MB)
	Size of irrep 2 of <Ia|Bc> integrals:      0.001 (MW) /      0.006 (MB)
	Size of irrep 3 of <Ia|Bc> integrals:      0.001 (MW) /      0.011 (MB)
	Total:                                     0.005 (MW) /      0.040 (MB)

	Size of irrep 0 of <iA|bC> integrals:      0.001 (MW) /      0.011 (MB)
	Size of irrep 1 of <iA|bC> integrals:      0.000 (MW) /      0.001 (MB)
	Size of irrep 2 of <iA|bC> integrals:      0.000 (MW) /      0.002 (MB)
	Size of irrep 3 of <iA|bC> integrals:      0.001 (MW) /      0.008 (MB)
	Total:                                     0.003 (MW) /      0.022 (MB)

	Size of irrep 0 of tIjAb amplitudes:       0.001 (MW) /      0.004 (MB)
	Size of irrep 1 of tIjAb amplitudes:       0.000 (MW) /      0.000 (MB)
	Size of irrep 2 of tIjAb amplitudes:       0.000 (MW) /      0.001 (MB)
	Size of irrep 3 of tIjAb amplitudes:       0.000 (MW) /      0.003 (MB)
	Total:                                     0.001 (MW) /      0.008 (MB)

	Nuclear Rep. energy          =      6.05977471787167
	SCF energy                   =    -38.91540398377946
	One-electron energy          =    -63.72997175322404
	Two-electron (AA) energy     =      5.31889469154647
	Two-electron (BB) energy     =      1.68080951915551
	Two-electron (AB) energy     =     11.75508884087092
	Two-electron energy          =     18.75479305157290
	Reference energy             =    -38.91540398377946

*** tstop() called on blogin3 at Tue Jan 15 11:43:38 2019
Module time:
	user time   =       0.02 seconds =       0.00 minutes
	system time =       0.03 seconds =       0.00 minutes
	total time  =          0 seconds =       0.00 minutes
Total time:
	user time   =       0.20 seconds =       0.00 minutes
	system time =       0.04 seconds =       0.00 minutes
	total time  =          0 seconds =       0.00 minutes

*** tstart() called on blogin3
*** at Tue Jan 15 11:43:38 2019

            **************************
            *                        *
            *        CCENERGY        *
            *                        *
            **************************

    Nuclear Rep. energy (wfn)     =    6.059774717871673
    SCF energy          (wfn)     =  -38.915403983779463
    Reference energy    (file100) =  -38.915403983779463

    Input parameters:
    -----------------
    Wave function   =     CCSD_T
    Reference wfn   =     ROHF changed to UHF for Semicanonical Orbitals
    Brueckner       =     No
    Memory (Mbytes) =     524.3
    Maxiter         =     50
    R_Convergence   =     1.0e-07
    E_Convergence   =     1.0e-06
    Restart         =     Yes
    DIIS            =     Yes
    AO Basis        =     NONE
    ABCD            =     NEW
    Cache Level     =     2
    Cache Type      =     LRU
    Print Level     =     1
    Num. of threads =     1
    # Amps to Print =     10
    Print MP2 Amps? =     No
    Analyze T2 Amps =     No
    Print Pair Ener =     No
    Local CC        =     No
    SCS-MP2         =     False
    SCSN-MP2        =     False
    SCS-CCSD        =     False

MP2 correlation energy -0.0908777984970095
                Solving CC Amplitude Equations
                ------------------------------
  Iter             Energy              RMS        T1Diag      D1Diag    New D1Diag    D2Diag
  ----     ---------------------    ---------   ----------  ----------  ----------   --------
     0        -0.090953946120006    0.000e+00    0.015264    0.000000    0.000000    0.000000
     1        -0.104556867960744    3.901e-02    0.020434    0.000000    0.000000    0.000000
     2        -0.109209485737484    1.493e-02    0.023959    0.000000    0.000000    0.000000
     3        -0.109580919006998    5.043e-03    0.025337    0.000000    0.000000    0.000000
     4        -0.109592113928734    1.623e-03    0.025571    0.000000    0.000000    0.000000
     5        -0.109597422400193    4.451e-04    0.025539    0.000000    0.000000    0.000000
     6        -0.109602160694383    1.246e-04    0.025517    0.000000    0.000000    0.000000
     7        -0.109602603193757    3.549e-05    0.025509    0.000000    0.000000    0.000000
     8        -0.109602606382080    1.058e-05    0.025508    0.000000    0.000000    0.000000
     9        -0.109602677343990    3.040e-06    0.025508    0.000000    0.000000    0.000000
    10        -0.109602663650622    5.901e-07    0.025508    0.000000    0.000000    0.000000
    11        -0.109602661016016    1.494e-07    0.025508    0.000000    0.000000    0.000000
    12        -0.109602661989063    4.520e-08    0.025508    0.000000    0.000000    0.000000

    Iterations converged.


    Largest TIA Amplitudes:
              2   0        -0.0290206883
              1   0         0.0268376674
              4  10        -0.0233521799
              4  12         0.0165082014
              1   3         0.0160578533
              2   3        -0.0112155563
              1   1         0.0105848353
              1   5        -0.0093894482
              2   2         0.0084462356
              1   2        -0.0075812758

    Largest Tia Amplitudes:
              1   1        -0.0298140444
              2  12         0.0184686901
              1   0         0.0182318729
              1   2        -0.0155552320
              1   4         0.0077512898
              2  13         0.0073389048
              2  14        -0.0059272046
              1   6        -0.0055527326
              1   3         0.0033832773
              1   7        -0.0030250025

    Largest TIJAB Amplitudes:
      3   2   8   1         0.0321853302
      4   2  10   1         0.0219727273
      3   2   9   4         0.0216642507
      4   3  10   8        -0.0208348410
      4   3  11   8         0.0176644268
      4   2  12   1        -0.0157239802
      4   3   7   2        -0.0144640142
      3   1   8   0         0.0138194488
      4   3  12   8         0.0138092538
      3   2   8   2         0.0127738379

    Largest Tijab Amplitudes:
      2   1  13   1        -0.0085339134
      2   1  12   0         0.0082188624
      2   1   9   8         0.0078105504
      2   1  12   1         0.0072169689
      2   1  14   0        -0.0065109389
      2   1  12   4        -0.0064055660
      2   1  13   4         0.0063175279
      2   1  13   0         0.0042973772
      2   1  15   1        -0.0037602500
      2   1  10   8        -0.0036302278

    Largest TIjAb Amplitudes:
      3   1   0   9         0.0398994015
      4   2  10  12        -0.0357338890
      4   2   0   1         0.0319411629
      4   2  12  14        -0.0300630643
      1   1   0   1        -0.0267766278
      3   2   8  12        -0.0259560895
      3   1   8   1         0.0252213077
      2   2   1  12         0.0237170404
      2   1   0   1         0.0226823314
      4   2  10  14         0.0226813412

    SCF energy       (wfn)                    =  -38.915403983779463
    Reference energy (file100)                =  -38.915403983779463

    Opposite-spin MP2 correlation energy      =   -0.068306192277128
    Same-spin MP2 correlation energy          =   -0.019793158228793
    MP2 correlation energy                    =   -0.090877798497010
      * MP2 total energy                      =  -39.006281782276474

    Opposite-spin CCSD correlation energy     =   -0.084499514919484
    Same-spin CCSD correlation energy         =   -0.021361386482397
    CCSD correlation energy                   =   -0.109602661989063
      * CCSD total energy                     =  -39.025006645768528


*** tstop() called on blogin3 at Tue Jan 15 11:43:39 2019
Module time:
	user time   =       0.17 seconds =       0.00 minutes
	system time =       0.19 seconds =       0.00 minutes
	total time  =          1 seconds =       0.02 minutes
Total time:
	user time   =       0.37 seconds =       0.01 minutes
	system time =       0.23 seconds =       0.00 minutes
	total time  =          1 seconds =       0.02 minutes

*** tstart() called on blogin3
*** at Tue Jan 15 11:43:39 2019

            **************************
            *                        *
            *        CCTRIPLES       *
            *                        *
            **************************


    Wave function   =    CCSD_T
    Reference wfn   =    ROHF changed to UHF for Semicanonical Orbitals

    Nuclear Rep. energy (wfn)                =    6.059774717871673
    SCF energy          (wfn)                =  -38.915403983779463
    Reference energy    (file100)            =  -38.915403983779463
    CCSD energy         (file100)            =   -0.109602661989063
    Total CCSD energy   (file100)            =  -39.025006645768528

    Number of ijk index combinations:
    Spin Case AAA:                                  10
    Spin Case BBB:                                   1
    Spin Case AAB:                                  30
    Spin Case ABB:                                  15
    AAA (T) energy                             =   -0.000036063121149
    BBB (T) energy                             =   -0.000000101864328
    AAB (T) energy                             =   -0.001150072804962
    ABB (T) energy                             =   -0.000357132235372
    (T) energy                                   =   -0.001543370025812
      * CCSD(T) total energy                     =  -39.026550015794335


*** tstop() called on blogin3 at Tue Jan 15 11:43:39 2019
Module time:
	user time   =       0.02 seconds =       0.00 minutes
	system time =       0.01 seconds =       0.00 minutes
	total time  =          0 seconds =       0.00 minutes
Total time:
	user time   =       0.39 seconds =       0.01 minutes
	system time =       0.24 seconds =       0.00 minutes
	total time  =          1 seconds =       0.02 minutes

    Psi4 stopped on: Tuesday, 15 January 2019 11:43AM
    Psi4 wall time for execution: 0:00:00.89

*** Psi4 exiting successfully. Buy a developer a beer!
