
    -----------------------------------------------------------------------
          Psi4: An Open-Source Ab Initio Electronic Structure Package
                               Psi4 1.2.1 release

                         Git: Rev {HEAD} 406f4de 


    R. M. Parrish, L. A. Burns, D. G. A. Smith, A. C. Simmonett,
    A. E. DePrince III, E. G. Hohenstein, U. Bozkaya, A. Yu. Sokolov,
    R. Di Remigio, R. M. Richard, J. F. Gonthier, A. M. James,
    H. R. McAlexander, A. Kumar, M. Saitow, X. Wang, B. P. Pritchard,
    P. Verma, H. F. Schaefer III, K. Patkowski, R. A. King, E. F. Valeev,
    F. A. Evangelista, J. M. Turney, T. D. Crawford, and C. D. Sherrill,
    J. Chem. Theory Comput. 13(7) pp 3185--3197 (2017).
    (doi: 10.1021/acs.jctc.7b00174)


                         Additional Contributions by
    P. Kraus, H. Kruse, M. H. Lechner, M. C. Schieber, and R. A. Shaw

    -----------------------------------------------------------------------


    Psi4 started on: Tuesday, 15 January 2019 11:43AM

    Process ID: 89332
    Host:       blogin3
    PSIDATADIR: /home/kmoore/miniconda/envs/esenv/share/psi4
    Memory:     500.0 MiB
    Threads:    1
    
  ==> Input File <==

--------------------------------------------------------------------------
# Psi4 1.0 Computation 

molecule {
 0 3
 C          0.0000000000        0.0696643962        0.0000000000
 H          0.0000000000        0.5136378019       -1.0016934426
 H          0.0000000000        0.5136378019        1.0016934426
 units angstrom
}

set reference rohf
set scf_type pk
set basis 6-31G* 

energy('mp2')
--------------------------------------------------------------------------

*** tstart() called on blogin3
*** at Tue Jan 15 11:43:34 2019

   => Loading Basis Set <=

    Name: 6-31G*
    Role: ORBITAL
    Keyword: BASIS
    atoms 1   entry C          line   111 file /home/kmoore/miniconda/envs/esenv/share/psi4/basis/6-31gs.gbs 
    atoms 2-3 entry H          line    44 file /home/kmoore/miniconda/envs/esenv/share/psi4/basis/6-31gs.gbs 


         ---------------------------------------------------------
                                   SCF
            by Justin Turney, Rob Parrish, Andy Simmonett
                             and Daniel Smith
                             ROHF Reference
                        1 Threads,    500 MiB Core
         ---------------------------------------------------------

  ==> Geometry <==

    Molecular point group: c2v
    Full point group: C2v

    Geometry (in Angstrom), charge = 0, multiplicity = 3:

       Center              X                  Y                   Z               Mass       
    ------------   -----------------  -----------------  -----------------  -----------------
         C            0.000000000000     0.000000000000    -0.063849697986    12.000000000000
         H           -0.000000000000     1.001693442600     0.380123707714     1.007825032070
         H            0.000000000000    -1.001693442600     0.380123707714     1.007825032070

  Running in c2v symmetry.

  Rotational constants: A =     49.55637  B =      8.33512  C =      7.13504 [cm^-1]
  Rotational constants: A = 1485662.44834  B = 249880.51814  C = 213903.14705 [MHz]
  Nuclear repulsion =    6.059774717871673

  Charge       = 0
  Multiplicity = 3
  Electrons    = 8
  Nalpha       = 5
  Nbeta        = 3

  ==> Algorithm <==

  SCF Algorithm Type is PK.
  DIIS enabled.
  MOM disabled.
  Fractional occupation disabled.
  Guess Type is GWH.
  Energy threshold   = 1.00e-08
  Density threshold  = 1.00e-08
  Integral threshold = 0.00e+00

  ==> Primary Basis <==

  Basis Set: 6-31G*
    Blend: 6-31G*
    Number of shells: 10
    Number of basis function: 19
    Number of Cartesian functions: 19
    Spherical Harmonics?: false
    Max angular momentum: 2

  ==> Pre-Iterations <==

   -------------------------------------------------------
    Irrep   Nso     Nmo     Nalpha   Nbeta   Ndocc  Nsocc
   -------------------------------------------------------
     A1        10      10       0       0       0       0
     A2         1       1       0       0       0       0
     B1         3       3       0       0       0       0
     B2         5       5       0       0       0       0
   -------------------------------------------------------
    Total      19      19       5       3       3       2
   -------------------------------------------------------

  ==> Integral Setup <==

  Using in-core PK algorithm.
   Calculation information:
      Number of atoms:                   3
      Number of AO shells:              10
      Number of primitives:             23
      Number of atomic orbitals:        19
      Number of basis functions:        19

      Integral cutoff                 1.00e-12
      Number of threads:                 1

  Performing in-core PK
  Using 36290 doubles for integral storage.
  We computed 1540 shell quartets total.
  Whereas there are 1540 unique shell quartets.

  ==> DiskJK: Disk-Based J/K Matrices <==

    J tasked:                  Yes
    K tasked:                  Yes
    wK tasked:                  No
    Memory (MB):               375
    Schwarz Cutoff:          1E-12

    OpenMP threads:              1

  Minimum eigenvalue in the overlap matrix is 3.7438749803E-02.
  Using Symmetric Orthogonalization.

  SCF Guess: Generalized Wolfsberg-Helmholtz.

  ==> Iterations <==

                        Total Energy        Delta E     RMS |[F,P]|

   @ROHF iter   1:   -38.33141782930860   -3.83314e+01   6.49101e-02 
   @ROHF iter   2:   -38.84933305753194   -5.17915e-01   2.45353e-02 DIIS
   @ROHF iter   3:   -38.91192265969057   -6.25896e-02   3.89647e-03 DIIS
   @ROHF iter   4:   -38.91504619757136   -3.12354e-03   1.22388e-03 DIIS
   @ROHF iter   5:   -38.91539658203920   -3.50384e-04   1.79683e-04 DIIS
   @ROHF iter   6:   -38.91540389500269   -7.31296e-06   2.12782e-05 DIIS
   @ROHF iter   7:   -38.91540398063952   -8.56368e-08   3.39567e-06 DIIS
   @ROHF iter   8:   -38.91540398366892   -3.02940e-09   6.54099e-07 DIIS
   @ROHF iter   9:   -38.91540398377817   -1.09246e-10   7.57633e-08 DIIS
   @ROHF iter  10:   -38.91540398377946   -1.28608e-12   1.23281e-08 DIIS
   @ROHF iter  11:   -38.91540398377947   -1.42109e-14   2.02159e-09 DIIS

  ==> Post-Iterations <==

    Orbital Energies [Eh]
    ---------------------

    Doubly Occupied:                                                      

       1A1   -11.243354     2A1    -0.841930     1B2    -0.590299  

    Singly Occupied:                                                      

       3A1    -0.143446     1B1    -0.097550  

    Virtual:                                                              

       4A1     0.264462     2B2     0.340027     5A1     0.767946  
       2B1     0.795715     3B2     0.800867     6A1     0.840168  
       7A1     1.161729     4B2     1.212489     1A2     1.963053  
       8A1     2.000161     3B1     2.005079     5B2     2.419586  
       9A1     2.470649    10A1     4.410189  

    Final Occupation by Irrep:
             A1    A2    B1    B2 
    DOCC [     2,    0,    0,    1 ]
    SOCC [     1,    0,    1,    0 ]

  Energy converged.

  @ROHF Final Energy:   -38.91540398377947

   => Energetics <=

    Nuclear Repulsion Energy =              6.0597747178716732
    One-Electron Energy =                 -63.7299717441287896
    Two-Electron Energy =                  18.7547930424776368
    Total Energy =                        -38.9154039837794770



Properties will be evaluated at   0.000000,   0.000000,   0.000000 [a0]

Properties computed using the SCF density matrix

  Nuclear Dipole Moment: [e a0]
     X:     0.0000      Y:     0.0000      Z:     0.7127

  Electronic Dipole Moment: [e a0]
     X:     0.0000      Y:     0.0000      Z:    -0.4870

  Dipole Moment: [e a0]
     X:     0.0000      Y:     0.0000      Z:     0.2257     Total:     0.2257

  Dipole Moment: [D]
     X:     0.0000      Y:     0.0000      Z:     0.5736     Total:     0.5736


*** tstop() called on blogin3 at Tue Jan 15 11:43:35 2019
Module time:
	user time   =       0.16 seconds =       0.00 minutes
	system time =       0.01 seconds =       0.00 minutes
	total time  =          1 seconds =       0.02 minutes
Total time:
	user time   =       0.16 seconds =       0.00 minutes
	system time =       0.01 seconds =       0.00 minutes
	total time  =          1 seconds =       0.02 minutes

*** tstart() called on blogin3
*** at Tue Jan 15 11:43:35 2019


  //>>>>>>>>>>>>>>>>>>>>>>>>>>>>>>>>>>>//
  //               DFMP2               //
  //<<<<<<<<<<<<<<<<<<<<<<<<<<<<<<<<<<<//

   => Loading Basis Set <=

    Name: (6-31G* AUX)
    Role: RIFIT
    Keyword: DF_BASIS_MP2
    atoms 1   entry C          line   159 file /home/kmoore/miniconda/envs/esenv/share/psi4/basis/cc-pvdz-ri.gbs 
    atoms 2-3 entry H          line    19 file /home/kmoore/miniconda/envs/esenv/share/psi4/basis/cc-pvdz-ri.gbs 

	 --------------------------------------------------------
	                          DF-MP2                         
	      2nd-Order Density-Fitted Moller-Plesset Theory     
	          ROHF-MBPT(2) Wavefunction,   1 Threads         
	                                                         
	        Rob Parrish, Justin Turney, Andy Simmonett,      
	           Ed Hohenstein, and C. David Sherrill          
	 --------------------------------------------------------

	 --------------------------------------------------------
	                 NBF =    19, NAUX =    84
	 --------------------------------------------------------
	   CLASS    FOCC     OCC    AOCC    AVIR     VIR    FVIR
	   ALPHA       0       5       5      14      14       0
	    BETA       0       3       3      16      16       0
	 --------------------------------------------------------

	-----------------------------------------------------------
	 ==================> DF-MP2 Energies <==================== 
	-----------------------------------------------------------
	 Reference Energy          =     -38.9154039837794699 [Eh]
	 Singles Energy            =      -0.0027784479910882 [Eh]
	 Same-Spin Energy          =      -0.0198371093559155 [Eh]
	 Opposite-Spin Energy      =      -0.0682455864146681 [Eh]
	 Correlation Energy        =      -0.0908611437616717 [Eh]
	 Total Energy              =     -39.0062651275411412 [Eh]
	-----------------------------------------------------------
	 ================> DF-SCS-MP2 Energies <================== 
	-----------------------------------------------------------
	 SCS Same-Spin Scale       =       0.3333333333333333 [-]
	 SCS Opposite-Spin Scale   =       1.2000000000000000 [-]
	 SCS Same-Spin Energy      =      -0.0066123697853052 [Eh]
	 SCS Opposite-Spin Energy  =      -0.0818947036976017 [Eh]
	 SCS Correlation Energy    =      -0.0912855214739950 [Eh]
	 SCS Total Energy          =     -39.0066895052534619 [Eh]
	-----------------------------------------------------------


*** tstop() called on blogin3 at Tue Jan 15 11:43:35 2019
Module time:
	user time   =       0.13 seconds =       0.00 minutes
	system time =       0.00 seconds =       0.00 minutes
	total time  =          0 seconds =       0.00 minutes
Total time:
	user time   =       0.29 seconds =       0.00 minutes
	system time =       0.01 seconds =       0.00 minutes
	total time  =          1 seconds =       0.02 minutes

    Psi4 stopped on: Tuesday, 15 January 2019 11:43AM
    Psi4 wall time for execution: 0:00:00.46

*** Psi4 exiting successfully. Buy a developer a beer!
