
    -----------------------------------------------------------------------
          Psi4: An Open-Source Ab Initio Electronic Structure Package
                               Psi4 1.2.1 release

                         Git: Rev {HEAD} 406f4de 


    R. M. Parrish, L. A. Burns, D. G. A. Smith, A. C. Simmonett,
    A. E. DePrince III, E. G. Hohenstein, U. Bozkaya, A. Yu. Sokolov,
    R. Di Remigio, R. M. Richard, J. F. Gonthier, A. M. James,
    H. R. McAlexander, A. Kumar, M. Saitow, X. Wang, B. P. Pritchard,
    P. Verma, H. F. Schaefer III, K. Patkowski, R. A. King, E. F. Valeev,
    F. A. Evangelista, J. M. Turney, T. D. Crawford, and C. D. Sherrill,
    J. Chem. Theory Comput. 13(7) pp 3185--3197 (2017).
    (doi: 10.1021/acs.jctc.7b00174)


                         Additional Contributions by
    P. Kraus, H. Kruse, M. H. Lechner, M. C. Schieber, and R. A. Shaw

    -----------------------------------------------------------------------


    Psi4 started on: Tuesday, 15 January 2019 11:43AM

    Process ID: 89380
    Host:       blogin3
    PSIDATADIR: /home/kmoore/miniconda/envs/esenv/share/psi4
    Memory:     500.0 MiB
    Threads:    1
    
  ==> Input File <==

--------------------------------------------------------------------------
# Psi4 1.0 Computation 

molecule {
 0 3
 C          0.0000000000        0.0696643962        0.0000000000
 H          0.0000000000        0.5136378019       -1.0016934426
 H          0.0000000000        0.5136378019        1.0016934426
 units angstrom
}

set reference uhf
set scf_type pk
set basis 6-31G*

energy('ccsd')
--------------------------------------------------------------------------

*** tstart() called on blogin3
*** at Tue Jan 15 11:43:42 2019

   => Loading Basis Set <=

    Name: 6-31G*
    Role: ORBITAL
    Keyword: BASIS
    atoms 1   entry C          line   111 file /home/kmoore/miniconda/envs/esenv/share/psi4/basis/6-31gs.gbs 
    atoms 2-3 entry H          line    44 file /home/kmoore/miniconda/envs/esenv/share/psi4/basis/6-31gs.gbs 


         ---------------------------------------------------------
                                   SCF
            by Justin Turney, Rob Parrish, Andy Simmonett
                             and Daniel Smith
                              UHF Reference
                        1 Threads,    500 MiB Core
         ---------------------------------------------------------

  ==> Geometry <==

    Molecular point group: c2v
    Full point group: C2v

    Geometry (in Angstrom), charge = 0, multiplicity = 3:

       Center              X                  Y                   Z               Mass       
    ------------   -----------------  -----------------  -----------------  -----------------
         C            0.000000000000     0.000000000000    -0.063849697986    12.000000000000
         H           -0.000000000000     1.001693442600     0.380123707714     1.007825032070
         H            0.000000000000    -1.001693442600     0.380123707714     1.007825032070

  Running in c2v symmetry.

  Rotational constants: A =     49.55637  B =      8.33512  C =      7.13504 [cm^-1]
  Rotational constants: A = 1485662.44834  B = 249880.51814  C = 213903.14705 [MHz]
  Nuclear repulsion =    6.059774717871673

  Charge       = 0
  Multiplicity = 3
  Electrons    = 8
  Nalpha       = 5
  Nbeta        = 3

  ==> Algorithm <==

  SCF Algorithm Type is PK.
  DIIS enabled.
  MOM disabled.
  Fractional occupation disabled.
  Guess Type is GWH.
  Energy threshold   = 1.00e-08
  Density threshold  = 1.00e-08
  Integral threshold = 0.00e+00

  ==> Primary Basis <==

  Basis Set: 6-31G*
    Blend: 6-31G*
    Number of shells: 10
    Number of basis function: 19
    Number of Cartesian functions: 19
    Spherical Harmonics?: false
    Max angular momentum: 2

  ==> Pre-Iterations <==

   -------------------------------------------------------
    Irrep   Nso     Nmo     Nalpha   Nbeta   Ndocc  Nsocc
   -------------------------------------------------------
     A1        10      10       0       0       0       0
     A2         1       1       0       0       0       0
     B1         3       3       0       0       0       0
     B2         5       5       0       0       0       0
   -------------------------------------------------------
    Total      19      19       5       3       3       2
   -------------------------------------------------------

  ==> Integral Setup <==

  Using in-core PK algorithm.
   Calculation information:
      Number of atoms:                   3
      Number of AO shells:              10
      Number of primitives:             23
      Number of atomic orbitals:        19
      Number of basis functions:        19

      Integral cutoff                 1.00e-12
      Number of threads:                 1

  Performing in-core PK
  Using 36290 doubles for integral storage.
  We computed 1540 shell quartets total.
  Whereas there are 1540 unique shell quartets.

  ==> DiskJK: Disk-Based J/K Matrices <==

    J tasked:                  Yes
    K tasked:                  Yes
    wK tasked:                  No
    Memory (MB):               375
    Schwarz Cutoff:          1E-12

    OpenMP threads:              1

  Minimum eigenvalue in the overlap matrix is 3.7438749803E-02.
  Using Symmetric Orthogonalization.

  SCF Guess: Generalized Wolfsberg-Helmholtz.

  ==> Iterations <==

                        Total Energy        Delta E     RMS |[F,P]|

   @UHF iter   1:   -38.33141782930860   -3.83314e+01   8.36495e-02 
   @UHF iter   2:   -38.89214028482844   -5.60722e-01   2.04973e-02 DIIS
   @UHF iter   3:   -38.91812463892248   -2.59844e-02   3.78412e-03 DIIS
   @UHF iter   4:   -38.92008684031265   -1.96220e-03   1.44155e-03 DIIS
   @UHF iter   5:   -38.92052777165674   -4.40931e-04   4.53258e-04 DIIS
   @UHF iter   6:   -38.92057903644598   -5.12648e-05   1.33928e-04 DIIS
   @UHF iter   7:   -38.92058342431463   -4.38787e-06   4.49091e-05 DIIS
   @UHF iter   8:   -38.92058397437147   -5.50057e-07   1.13222e-05 DIIS
   @UHF iter   9:   -38.92058400937646   -3.50050e-08   2.35644e-06 DIIS
   @UHF iter  10:   -38.92058401083310   -1.45665e-09   3.44812e-07 DIIS
   @UHF iter  11:   -38.92058401085890   -2.57998e-11   4.43664e-08 DIIS
   @UHF iter  12:   -38.92058401085931   -4.05009e-13   1.16857e-08 DIIS
   @UHF iter  13:   -38.92058401085931    0.00000e+00   2.08323e-09 DIIS

  ==> Post-Iterations <==

   @Spin Contamination Metric:   1.624113102E-02
   @S^2 Expected:                2.000000000E+00
   @S^2 Observed:                2.016241131E+00
   @S   Expected:                1.000000000E+00
   @S   Observed:                1.000000000E+00

    Orbital Energies [Eh]
    ---------------------

    Alpha Occupied:                                                       

       1A1   -11.264235     2A1    -0.941365     1B2    -0.606271  
       3A1    -0.449353     1B1    -0.407841  

    Alpha Virtual:                                                        

       4A1     0.248585     2B2     0.322539     5A1     0.720686  
       2B1     0.729150     3B2     0.784569     6A1     0.802933  
       7A1     1.140681     4B2     1.191569     1A2     1.904328  
       8A1     1.912299     3B1     1.913800     5B2     2.385345  
       9A1     2.436059    10A1     4.378329  

    Beta Occupied:                                                        

       1A1   -11.216002     2A1    -0.766836     1B2    -0.574180  

    Beta Virtual:                                                         

       3A1     0.146352     1B1     0.176452     4A1     0.283555  
       2B2     0.358486     5A1     0.813929     3B2     0.818361  
       2B1     0.900050     6A1     0.916665     7A1     1.186678  
       4B2     1.235891     1A2     2.023907     8A1     2.091246  
       3B1     2.099859     5B2     2.456821     9A1     2.510273  
      10A1     4.446380  

    Final Occupation by Irrep:
             A1    A2    B1    B2 
    DOCC [     2,    0,    0,    1 ]
    SOCC [     1,    0,    1,    0 ]

  Energy converged.

  @UHF Final Energy:   -38.92058401085931

   => Energetics <=

    Nuclear Repulsion Energy =              6.0597747178716732
    One-Electron Energy =                 -63.7346359156599220
    Two-Electron Energy =                  18.7542771869289382
    Total Energy =                        -38.9205840108593080


  UHF NO Occupations:
  HONO-2 :    2 A1 1.9941250
  HONO-1 :    1 B1 1.0000000
  HONO-0 :    3 A1 1.0000000
  LUNO+0 :    4 A1 0.0058750
  LUNO+1 :    2 B2 0.0022636
  LUNO+2 :    5 A1 0.0000018
  LUNO+3 :    6 A1 0.0000000



Properties will be evaluated at   0.000000,   0.000000,   0.000000 [a0]

Properties computed using the SCF density matrix

  Nuclear Dipole Moment: [e a0]
     X:     0.0000      Y:     0.0000      Z:     0.7127

  Electronic Dipole Moment: [e a0]
     X:     0.0000      Y:     0.0000      Z:    -0.4843

  Dipole Moment: [e a0]
     X:     0.0000      Y:     0.0000      Z:     0.2284     Total:     0.2284

  Dipole Moment: [D]
     X:     0.0000      Y:     0.0000      Z:     0.5805     Total:     0.5805


*** tstop() called on blogin3 at Tue Jan 15 11:43:42 2019
Module time:
	user time   =       0.14 seconds =       0.00 minutes
	system time =       0.02 seconds =       0.00 minutes
	total time  =          0 seconds =       0.00 minutes
Total time:
	user time   =       0.14 seconds =       0.00 minutes
	system time =       0.02 seconds =       0.00 minutes
	total time  =          0 seconds =       0.00 minutes
 MINTS: Wrapper to libmints.
   by Justin Turney

   Calculation information:
      Number of threads:                 1
      Number of atoms:                   3
      Number of AO shells:              10
      Number of SO shells:               8
      Number of primitives:             23
      Number of atomic orbitals:        19
      Number of basis functions:        19

      Number of irreps:                  4
      Integral cutoff                 0.00e+00
      Number of functions per irrep: [  10    1    3    5 ]

 OEINTS: Overlap, kinetic, potential, dipole, and quadrupole integrals
         stored in file 35.

      Computing two-electron integrals...done
      Computed 4443 non-zero two-electron integrals.
        Stored in file 33.


*** tstart() called on blogin3
*** at Tue Jan 15 11:43:42 2019


	Wfn Parameters:
	--------------------
	Wavefunction         = CCSD
	Number of irreps     = 4
	Number of MOs        = 19
	Number of active MOs = 19
	AO-Basis             = NONE
	Semicanonical        = false
	Reference            = UHF
	Print Level          = 1

	IRREP	# MOs	# FZDC	# DOCC	# SOCC	# VIRT	# FZVR
	-----	-----	------	------	------	------	------
	 A1	   10	    0	    2	    1	    7	    0
	 A2	   1	    0	    0	    0	    1	    0
	 B1	   3	    0	    0	    1	    2	    0
	 B2	   5	    0	    1	    0	    4	    0
	Transforming integrals...
	IWL integrals will be deleted.
	(OO|OO)...
	Presorting SO-basis two-electron integrals.
	Sorting File: SO Ints (nn|nn) nbuckets = 1
	Transforming the one-electron integrals and constructing Fock matrices
	Starting AA/AB first half-transformation.
	Sorting AA/AB half-transformed integrals.
	Starting BB first half-transformation.
	Sorting BB half-transformed integrals.
	First half integral transformation complete.
	Starting AA second half-transformation.
	Starting AB second half-transformation.
	Starting BB second half-transformation.
	Two-electron integral transformation complete.
	(OO|OV)...
	Starting AA second half-transformation.
	Starting AB second half-transformation.
	Starting BB second half-transformation.
	Two-electron integral transformation complete.
	(OO|VV)...
	Starting AA second half-transformation.
	Starting AB second half-transformation.
	Starting BB second half-transformation.
	Two-electron integral transformation complete.
	(OV|OO)...
	Starting AA/AB first half-transformation.
	Sorting AA/AB half-transformed integrals.
	Starting BB first half-transformation.
	Sorting BB half-transformed integrals.
	First half integral transformation complete.
	Starting AA second half-transformation.
	Starting AB second half-transformation.
	Starting BB second half-transformation.
	Two-electron integral transformation complete.
	(OV|OV)...
	Starting AA second half-transformation.
	Starting AB second half-transformation.
	Starting BB second half-transformation.
	Two-electron integral transformation complete.
	(OV|VV)...
	Starting AA second half-transformation.
	Starting AB second half-transformation.
	Starting BB second half-transformation.
	Two-electron integral transformation complete.
	(VV|OO)...
	Starting AA/AB first half-transformation.
	Sorting AA/AB half-transformed integrals.
	Starting BB first half-transformation.
	Sorting BB half-transformed integrals.
	First half integral transformation complete.
	Starting AA second half-transformation.
	Starting AB second half-transformation.
	Starting BB second half-transformation.
	Two-electron integral transformation complete.
	(VV|OV)...
	Starting AA second half-transformation.
	Starting AB second half-transformation.
	Starting BB second half-transformation.
	Two-electron integral transformation complete.
	(VV|VV)...
	Starting AA second half-transformation.
	Starting AB second half-transformation.
	Starting BB second half-transformation.
	Two-electron integral transformation complete.
	Frozen core energy     =      0.00000000000000

	Size of irrep 0 of <AB|CD> integrals:      0.001 (MW) /      0.006 (MB)
	Size of irrep 1 of <AB|CD> integrals:      0.000 (MW) /      0.002 (MB)
	Size of irrep 2 of <AB|CD> integrals:      0.000 (MW) /      0.003 (MB)
	Size of irrep 3 of <AB|CD> integrals:      0.001 (MW) /      0.007 (MB)
	Total:                                     0.002 (MW) /      0.018 (MB)

	Size of irrep 0 of <ab|cd> integrals:      0.001 (MW) /      0.011 (MB)
	Size of irrep 1 of <ab|cd> integrals:      0.000 (MW) /      0.003 (MB)
	Size of irrep 2 of <ab|cd> integrals:      0.001 (MW) /      0.006 (MB)
	Size of irrep 3 of <ab|cd> integrals:      0.001 (MW) /      0.010 (MB)
	Total:                                     0.004 (MW) /      0.030 (MB)

	Size of irrep 0 of <Ab|Cd> integrals:      0.006 (MW) /      0.050 (MB)
	Size of irrep 1 of <Ab|Cd> integrals:      0.001 (MW) /      0.010 (MB)
	Size of irrep 2 of <Ab|Cd> integrals:      0.002 (MW) /      0.016 (MB)
	Size of irrep 3 of <Ab|Cd> integrals:      0.004 (MW) /      0.034 (MB)
	Total:                                     0.014 (MW) /      0.110 (MB)

	Size of irrep 0 of <IA|BC> integrals:      0.002 (MW) /      0.015 (MB)
	Size of irrep 1 of <IA|BC> integrals:      0.000 (MW) /      0.002 (MB)
	Size of irrep 2 of <IA|BC> integrals:      0.001 (MW) /      0.004 (MB)
	Size of irrep 3 of <IA|BC> integrals:      0.001 (MW) /      0.010 (MB)
	Total:                                     0.004 (MW) /      0.031 (MB)

	Size of irrep 0 of <ia|bc> integrals:      0.002 (MW) /      0.014 (MB)
	Size of irrep 1 of <ia|bc> integrals:      0.000 (MW) /      0.002 (MB)
	Size of irrep 2 of <ia|bc> integrals:      0.000 (MW) /      0.003 (MB)
	Size of irrep 3 of <ia|bc> integrals:      0.001 (MW) /      0.009 (MB)
	Total:                                     0.004 (MW) /      0.028 (MB)

	Size of irrep 0 of <Ia|Bc> integrals:      0.002 (MW) /      0.020 (MB)
	Size of irrep 1 of <Ia|Bc> integrals:      0.000 (MW) /      0.003 (MB)
	Size of irrep 2 of <Ia|Bc> integrals:      0.001 (MW) /      0.006 (MB)
	Size of irrep 3 of <Ia|Bc> integrals:      0.001 (MW) /      0.011 (MB)
	Total:                                     0.005 (MW) /      0.040 (MB)

	Size of irrep 0 of <iA|bC> integrals:      0.001 (MW) /      0.011 (MB)
	Size of irrep 1 of <iA|bC> integrals:      0.000 (MW) /      0.001 (MB)
	Size of irrep 2 of <iA|bC> integrals:      0.000 (MW) /      0.002 (MB)
	Size of irrep 3 of <iA|bC> integrals:      0.001 (MW) /      0.008 (MB)
	Total:                                     0.003 (MW) /      0.022 (MB)

	Size of irrep 0 of tIjAb amplitudes:       0.001 (MW) /      0.004 (MB)
	Size of irrep 1 of tIjAb amplitudes:       0.000 (MW) /      0.000 (MB)
	Size of irrep 2 of tIjAb amplitudes:       0.000 (MW) /      0.001 (MB)
	Size of irrep 3 of tIjAb amplitudes:       0.000 (MW) /      0.003 (MB)
	Total:                                     0.001 (MW) /      0.008 (MB)

	Nuclear Rep. energy          =      6.05977471787167
	SCF energy                   =    -38.92058401085931
	One-electron energy          =    -63.73463590530240
	Two-electron (AA) energy     =      5.39807756867999
	Two-electron (BB) energy     =      1.63108786115666
	Two-electron (AB) energy     =     11.72511174673475
	Two-electron energy          =     18.75427717657141
	Reference energy             =    -38.92058401085932

*** tstop() called on blogin3 at Tue Jan 15 11:43:42 2019
Module time:
	user time   =       0.01 seconds =       0.00 minutes
	system time =       0.03 seconds =       0.00 minutes
	total time  =          0 seconds =       0.00 minutes
Total time:
	user time   =       0.18 seconds =       0.00 minutes
	system time =       0.05 seconds =       0.00 minutes
	total time  =          0 seconds =       0.00 minutes

*** tstart() called on blogin3
*** at Tue Jan 15 11:43:42 2019

            **************************
            *                        *
            *        CCENERGY        *
            *                        *
            **************************

    Nuclear Rep. energy (wfn)     =    6.059774717871673
    SCF energy          (wfn)     =  -38.920584010859308
    Reference energy    (file100) =  -38.920584010859315

    Input parameters:
    -----------------
    Wave function   =     CCSD
    Reference wfn   =     UHF
    Brueckner       =     No
    Memory (Mbytes) =     524.3
    Maxiter         =     50
    R_Convergence   =     1.0e-07
    E_Convergence   =     1.0e-06
    Restart         =     Yes
    DIIS            =     Yes
    AO Basis        =     NONE
    ABCD            =     NEW
    Cache Level     =     2
    Cache Type      =     LRU
    Print Level     =     1
    Num. of threads =     1
    # Amps to Print =     10
    Print MP2 Amps? =     No
    Analyze T2 Amps =     No
    Print Pair Ener =     No
    Local CC        =     No
    SCS-MP2         =     False
    SCSN-MP2        =     False
    SCS-CCSD        =     False

MP2 correlation energy -0.0863767268755063
                Solving CC Amplitude Equations
                ------------------------------
  Iter             Energy              RMS        T1Diag      D1Diag    New D1Diag    D2Diag
  ----     ---------------------    ---------   ----------  ----------  ----------   --------
     0        -0.086376726875506    0.000e+00    0.000000    0.000000    0.000000    0.000000
     1        -0.099416833150118    3.705e-02    0.006029    0.000000    0.000000    0.000000
     2        -0.103918525067633    1.472e-02    0.009485    0.000000    0.000000    0.000000
     3        -0.104412613695257    5.435e-03    0.011203    0.000000    0.000000    0.000000
     4        -0.104445844584733    1.571e-03    0.011556    0.000000    0.000000    0.000000
     5        -0.104451126905008    4.321e-04    0.011555    0.000000    0.000000    0.000000
     6        -0.104455022057589    1.494e-04    0.011537    0.000000    0.000000    0.000000
     7        -0.104455043113746    3.980e-05    0.011530    0.000000    0.000000    0.000000
     8        -0.104454971138045    8.953e-06    0.011529    0.000000    0.000000    0.000000
     9        -0.104455033870259    2.880e-06    0.011529    0.000000    0.000000    0.000000
    10        -0.104455026603907    7.724e-07    0.011529    0.000000    0.000000    0.000000
    11        -0.104455025273059    1.855e-07    0.011529    0.000000    0.000000    0.000000
    12        -0.104455026725329    4.553e-08    0.011529    0.000000    0.000000    0.000000

    Iterations converged.


    Largest TIA Amplitudes:
              1   0        -0.0091937256
              4  11         0.0053976056
              1   1        -0.0040301110
              1   2        -0.0039299297
              2   3        -0.0033214389
              4  10        -0.0032082544
              2   0        -0.0031996485
              4  13        -0.0030315877
              2   5         0.0023516093
              3   9         0.0020446144

    Largest Tia Amplitudes:
              1   0         0.0169448731
              1   1         0.0131984825
              1   4         0.0115891460
              2  14         0.0097332460
              2  12         0.0072376644
              2  13         0.0068569244
              1   2         0.0051970564
              1   6        -0.0041750194
              1   7         0.0033160044
              2  15        -0.0026004003

    Largest TIJAB Amplitudes:
      3   2   8   1        -0.0326234041
      4   2  10   1        -0.0219361685
      3   2   9   4        -0.0217933883
      4   3  10   8        -0.0209037393
      4   3  11   8        -0.0178331284
      4   2  12   1        -0.0155093196
      4   3   7   2         0.0146423806
      3   1   8   0        -0.0137390776
      4   3  12   8        -0.0136446964
      4   2  11   1        -0.0127694536

    Largest Tijab Amplitudes:
      2   1  13   1        -0.0085496005
      2   1  12   0        -0.0083110730
      2   1   9   8        -0.0077094716
      2   1  12   1        -0.0069787992
      2   1  14   0        -0.0063733391
      2   1  12   4        -0.0063672337
      2   1  13   4        -0.0062807758
      2   1  13   0         0.0040558717
      2   1  15   1        -0.0037951044
      2   1  10   8        -0.0036258349

    Largest TIjAb Amplitudes:
      3   1   0   9        -0.0393646854
      4   2  10  12        -0.0356167175
      4   2   0   1        -0.0314428422
      4   2  12  14        -0.0300487842
      1   1   0   1        -0.0266648647
      3   2   8  12        -0.0257590640
      3   1   8   1        -0.0249984213
      2   2   1  12        -0.0237348583
      2   1   0   1         0.0229779593
      4   2  10  14        -0.0229476062

    SCF energy       (wfn)                    =  -38.920584010859308
    Reference energy (file100)                =  -38.920584010859315

    Opposite-spin MP2 correlation energy      =   -0.066225167054955
    Same-spin MP2 correlation energy          =   -0.020151559820551
    MP2 correlation energy                    =   -0.086376726875506
      * MP2 total energy                      =  -39.006960737734822

    Opposite-spin CCSD correlation energy     =   -0.082804136826971
    Same-spin CCSD correlation energy         =   -0.021650890049214
    CCSD correlation energy                   =   -0.104455026725329
      * CCSD total energy                     =  -39.025039037584641


*** tstop() called on blogin3 at Tue Jan 15 11:43:43 2019
Module time:
	user time   =       0.20 seconds =       0.00 minutes
	system time =       0.17 seconds =       0.00 minutes
	total time  =          1 seconds =       0.02 minutes
Total time:
	user time   =       0.38 seconds =       0.01 minutes
	system time =       0.22 seconds =       0.00 minutes
	total time  =          1 seconds =       0.02 minutes

    Psi4 stopped on: Tuesday, 15 January 2019 11:43AM
    Psi4 wall time for execution: 0:00:00.83

*** Psi4 exiting successfully. Buy a developer a beer!
